core_cm3.h:1638:22:__NVIC_SetPriority	16	static
core_cm3.h:1836:26:SysTick_Config	16	static
CortexMx_OS_Porting.c:25:6:HardFault_Handler	4	static
CortexMx_OS_Porting.c:30:6:MemManage_Handler	4	static
CortexMx_OS_Porting.c:35:6:BusFault_Handler	4	static
CortexMx_OS_Porting.c:40:28:PendSV_Handler	0	static,ignoring_inline_asm
CortexMx_OS_Porting.c:46:6:UsageFault_Handler	4	static
CortexMx_OS_Porting.c:51:28:SVC_Handler	0	static,ignoring_inline_asm
CortexMx_OS_Porting.c:66:6:Trigger_PendSV	4	static
CortexMx_OS_Porting.c:71:6:HW_Init	8	static
CortexMx_OS_Porting.c:84:6:Start_Ticker	8	static
CortexMx_OS_Porting.c:97:6:SysTick_Handler	8	static
