Scheduler.c:59:28:OS_PendSV_Services	0	static,ignoring_inline_asm
Scheduler.c:124:6:BubbleSort	24	static
Scheduler.c:147:6:Decide_WhatNext	8	static
Scheduler.c:175:6:MyRTOS_Update_SchedulerTable	24	static
Scheduler.c:222:6:OS_SVC_Set	16	static,ignoring_inline_asm
Scheduler.c:242:6:OS_SVC_Services	24	static
Scheduler.c:273:6:MyRTOS_Create_MainStack	4	static
Scheduler.c:285:6:MyRTOS_CreateTaskStack	24	static
Scheduler.c:318:6:MyRTOS_IdleTask_IMPLT	4	static
Scheduler.c:328:6:Update_TaskWaitingTime	16	static
Scheduler.c:358:17:MY_RTOS_Init	16	static
Scheduler.c:389:6:MyRTOS_StartOS	8	static,ignoring_inline_asm
Scheduler.c:412:17:MyRTOS_CreateTask	24	static
Scheduler.c:443:6:MyRTOS_TaskWaitingTime	16	static
Scheduler.c:455:6:MyRTOS_ActivateTask	16	static
Scheduler.c:466:6:MyRTOS_TerminateTask	16	static
Scheduler.c:474:17:MyRTOS_AcquireMutex	16	static
Scheduler.c:496:6:MyRTOS_ReleaseMutex	16	static
