Archive member included to satisfy reference by file (symbol)

a:/ide/stm32cubeide/plugins/com.st.stm32cube.ide.mcu.externaltools.gnu-tools-for-stm32.7-2018-q2-update.win32_1.4.0.202007081208/tools/bin/../lib/gcc/arm-none-eabi/7.3.1/../../../../arm-none-eabi/lib/thumb/v7-m\libc_nano.a(lib_a-errno.o)
                              Src/syscalls.o (__errno)
a:/ide/stm32cubeide/plugins/com.st.stm32cube.ide.mcu.externaltools.gnu-tools-for-stm32.7-2018-q2-update.win32_1.4.0.202007081208/tools/bin/../lib/gcc/arm-none-eabi/7.3.1/../../../../arm-none-eabi/lib/thumb/v7-m\libc_nano.a(lib_a-exit.o)
                              a:/ide/stm32cubeide/plugins/com.st.stm32cube.ide.mcu.externaltools.gnu-tools-for-stm32.7-2018-q2-update.win32_1.4.0.202007081208/tools/bin/../lib/gcc/arm-none-eabi/7.3.1/../../../../arm-none-eabi/lib/thumb/v7-m/crt0.o (exit)
a:/ide/stm32cubeide/plugins/com.st.stm32cube.ide.mcu.externaltools.gnu-tools-for-stm32.7-2018-q2-update.win32_1.4.0.202007081208/tools/bin/../lib/gcc/arm-none-eabi/7.3.1/../../../../arm-none-eabi/lib/thumb/v7-m\libc_nano.a(lib_a-impure.o)
                              a:/ide/stm32cubeide/plugins/com.st.stm32cube.ide.mcu.externaltools.gnu-tools-for-stm32.7-2018-q2-update.win32_1.4.0.202007081208/tools/bin/../lib/gcc/arm-none-eabi/7.3.1/../../../../arm-none-eabi/lib/thumb/v7-m\libc_nano.a(lib_a-exit.o) (_global_impure_ptr)
a:/ide/stm32cubeide/plugins/com.st.stm32cube.ide.mcu.externaltools.gnu-tools-for-stm32.7-2018-q2-update.win32_1.4.0.202007081208/tools/bin/../lib/gcc/arm-none-eabi/7.3.1/../../../../arm-none-eabi/lib/thumb/v7-m\libc_nano.a(lib_a-init.o)
                              a:/ide/stm32cubeide/plugins/com.st.stm32cube.ide.mcu.externaltools.gnu-tools-for-stm32.7-2018-q2-update.win32_1.4.0.202007081208/tools/bin/../lib/gcc/arm-none-eabi/7.3.1/../../../../arm-none-eabi/lib/thumb/v7-m/crt0.o (__libc_init_array)
a:/ide/stm32cubeide/plugins/com.st.stm32cube.ide.mcu.externaltools.gnu-tools-for-stm32.7-2018-q2-update.win32_1.4.0.202007081208/tools/bin/../lib/gcc/arm-none-eabi/7.3.1/../../../../arm-none-eabi/lib/thumb/v7-m\libc_nano.a(lib_a-memset.o)
                              a:/ide/stm32cubeide/plugins/com.st.stm32cube.ide.mcu.externaltools.gnu-tools-for-stm32.7-2018-q2-update.win32_1.4.0.202007081208/tools/bin/../lib/gcc/arm-none-eabi/7.3.1/../../../../arm-none-eabi/lib/thumb/v7-m/crt0.o (memset)

Allocating common symbols
Common symbol       size              file

Mutex1              0x30              Src/main.o
Task4               0x44              Src/main.o
MyRTOS_IdleTask     0x44              MyOwn_RTOS/Scheduler.o
OS_Control          0x94              MyOwn_RTOS/Scheduler.o
Task1               0x44              Src/main.o
Ready_QUEUE         0x14              MyOwn_RTOS/Scheduler.o
Count               0x4               Src/main.o
Task3               0x44              Src/main.o
Mutex2              0x30              Src/main.o
TaskCounter         0x4               Src/main.o
G_SPI_CFG           0x8               MCAL/Stm32f103c6_SPI_Driver.o
Tasks_Buffer        0x28              MyOwn_RTOS/Scheduler.o
Task2               0x44              Src/main.o
GP_IRQ_CallBack     0x3c              MCAL/Stm32f103c6_EXTI_Driver.o

Discarded input sections

 .text          0x0000000000000000        0x0 a:/ide/stm32cubeide/plugins/com.st.stm32cube.ide.mcu.externaltools.gnu-tools-for-stm32.7-2018-q2-update.win32_1.4.0.202007081208/tools/bin/../lib/gcc/arm-none-eabi/7.3.1/thumb/v7-m/crti.o
 .data          0x0000000000000000        0x0 a:/ide/stm32cubeide/plugins/com.st.stm32cube.ide.mcu.externaltools.gnu-tools-for-stm32.7-2018-q2-update.win32_1.4.0.202007081208/tools/bin/../lib/gcc/arm-none-eabi/7.3.1/thumb/v7-m/crti.o
 .bss           0x0000000000000000        0x0 a:/ide/stm32cubeide/plugins/com.st.stm32cube.ide.mcu.externaltools.gnu-tools-for-stm32.7-2018-q2-update.win32_1.4.0.202007081208/tools/bin/../lib/gcc/arm-none-eabi/7.3.1/thumb/v7-m/crti.o
 .data          0x0000000000000000        0x4 a:/ide/stm32cubeide/plugins/com.st.stm32cube.ide.mcu.externaltools.gnu-tools-for-stm32.7-2018-q2-update.win32_1.4.0.202007081208/tools/bin/../lib/gcc/arm-none-eabi/7.3.1/thumb/v7-m/crtbegin.o
 .text          0x0000000000000000       0x74 a:/ide/stm32cubeide/plugins/com.st.stm32cube.ide.mcu.externaltools.gnu-tools-for-stm32.7-2018-q2-update.win32_1.4.0.202007081208/tools/bin/../lib/gcc/arm-none-eabi/7.3.1/../../../../arm-none-eabi/lib/thumb/v7-m/crt0.o
 .data          0x0000000000000000        0x0 a:/ide/stm32cubeide/plugins/com.st.stm32cube.ide.mcu.externaltools.gnu-tools-for-stm32.7-2018-q2-update.win32_1.4.0.202007081208/tools/bin/../lib/gcc/arm-none-eabi/7.3.1/../../../../arm-none-eabi/lib/thumb/v7-m/crt0.o
 .bss           0x0000000000000000        0x0 a:/ide/stm32cubeide/plugins/com.st.stm32cube.ide.mcu.externaltools.gnu-tools-for-stm32.7-2018-q2-update.win32_1.4.0.202007081208/tools/bin/../lib/gcc/arm-none-eabi/7.3.1/../../../../arm-none-eabi/lib/thumb/v7-m/crt0.o
 .ARM.extab     0x0000000000000000        0x0 a:/ide/stm32cubeide/plugins/com.st.stm32cube.ide.mcu.externaltools.gnu-tools-for-stm32.7-2018-q2-update.win32_1.4.0.202007081208/tools/bin/../lib/gcc/arm-none-eabi/7.3.1/../../../../arm-none-eabi/lib/thumb/v7-m/crt0.o
 .ARM.exidx     0x0000000000000000        0x8 a:/ide/stm32cubeide/plugins/com.st.stm32cube.ide.mcu.externaltools.gnu-tools-for-stm32.7-2018-q2-update.win32_1.4.0.202007081208/tools/bin/../lib/gcc/arm-none-eabi/7.3.1/../../../../arm-none-eabi/lib/thumb/v7-m/crt0.o
 .ARM.attributes
                0x0000000000000000       0x1b a:/ide/stm32cubeide/plugins/com.st.stm32cube.ide.mcu.externaltools.gnu-tools-for-stm32.7-2018-q2-update.win32_1.4.0.202007081208/tools/bin/../lib/gcc/arm-none-eabi/7.3.1/../../../../arm-none-eabi/lib/thumb/v7-m/crt0.o
 .group         0x0000000000000000        0xc HAL/EEPROM_Slave.o
 .group         0x0000000000000000        0xc HAL/EEPROM_Slave.o
 .group         0x0000000000000000        0xc HAL/EEPROM_Slave.o
 .group         0x0000000000000000        0xc HAL/EEPROM_Slave.o
 .group         0x0000000000000000        0xc HAL/EEPROM_Slave.o
 .group         0x0000000000000000        0xc HAL/EEPROM_Slave.o
 .group         0x0000000000000000        0xc HAL/EEPROM_Slave.o
 .group         0x0000000000000000        0xc HAL/EEPROM_Slave.o
 .group         0x0000000000000000        0xc HAL/EEPROM_Slave.o
 .group         0x0000000000000000        0xc HAL/EEPROM_Slave.o
 .text          0x0000000000000000        0x0 HAL/EEPROM_Slave.o
 .data          0x0000000000000000        0x0 HAL/EEPROM_Slave.o
 .bss           0x0000000000000000        0x0 HAL/EEPROM_Slave.o
 .text.EEPROM_Init
                0x0000000000000000       0x34 HAL/EEPROM_Slave.o
 .text.EEPROM_Write_NBytes
                0x0000000000000000       0x98 HAL/EEPROM_Slave.o
 .text.EEPROM_Read_Nbyte
                0x0000000000000000       0x50 HAL/EEPROM_Slave.o
 .debug_info    0x0000000000000000      0x39b HAL/EEPROM_Slave.o
 .debug_abbrev  0x0000000000000000      0x103 HAL/EEPROM_Slave.o
 .debug_loc     0x0000000000000000       0xf2 HAL/EEPROM_Slave.o
 .debug_aranges
                0x0000000000000000       0x30 HAL/EEPROM_Slave.o
 .debug_ranges  0x0000000000000000       0x20 HAL/EEPROM_Slave.o
 .debug_macro   0x0000000000000000       0xa0 HAL/EEPROM_Slave.o
 .debug_macro   0x0000000000000000      0xa60 HAL/EEPROM_Slave.o
 .debug_macro   0x0000000000000000      0x337 HAL/EEPROM_Slave.o
 .debug_macro   0x0000000000000000       0x22 HAL/EEPROM_Slave.o
 .debug_macro   0x0000000000000000       0x8e HAL/EEPROM_Slave.o
 .debug_macro   0x0000000000000000       0x51 HAL/EEPROM_Slave.o
 .debug_macro   0x0000000000000000       0xef HAL/EEPROM_Slave.o
 .debug_macro   0x0000000000000000       0x6a HAL/EEPROM_Slave.o
 .debug_macro   0x0000000000000000      0x1df HAL/EEPROM_Slave.o
 .debug_macro   0x0000000000000000      0x2de HAL/EEPROM_Slave.o
 .debug_macro   0x0000000000000000       0x70 HAL/EEPROM_Slave.o
 .debug_line    0x0000000000000000      0x440 HAL/EEPROM_Slave.o
 .debug_str     0x0000000000000000     0x60e8 HAL/EEPROM_Slave.o
 .comment       0x0000000000000000       0x7c HAL/EEPROM_Slave.o
 .debug_frame   0x0000000000000000       0x80 HAL/EEPROM_Slave.o
 .ARM.attributes
                0x0000000000000000       0x33 HAL/EEPROM_Slave.o
 .group         0x0000000000000000        0xc MCAL/Stm32f103c6_EXTI_Driver.o
 .group         0x0000000000000000        0xc MCAL/Stm32f103c6_EXTI_Driver.o
 .group         0x0000000000000000        0xc MCAL/Stm32f103c6_EXTI_Driver.o
 .group         0x0000000000000000        0xc MCAL/Stm32f103c6_EXTI_Driver.o
 .group         0x0000000000000000        0xc MCAL/Stm32f103c6_EXTI_Driver.o
 .group         0x0000000000000000        0xc MCAL/Stm32f103c6_EXTI_Driver.o
 .group         0x0000000000000000        0xc MCAL/Stm32f103c6_EXTI_Driver.o
 .group         0x0000000000000000        0xc MCAL/Stm32f103c6_EXTI_Driver.o
 .group         0x0000000000000000        0xc MCAL/Stm32f103c6_EXTI_Driver.o
 .group         0x0000000000000000        0xc MCAL/Stm32f103c6_EXTI_Driver.o
 .text          0x0000000000000000        0x0 MCAL/Stm32f103c6_EXTI_Driver.o
 .data          0x0000000000000000        0x0 MCAL/Stm32f103c6_EXTI_Driver.o
 .bss           0x0000000000000000        0x0 MCAL/Stm32f103c6_EXTI_Driver.o
 .text.Enable_Nvic
                0x0000000000000000       0xcc MCAL/Stm32f103c6_EXTI_Driver.o
 .text.Disable_Nvic
                0x0000000000000000       0xcc MCAL/Stm32f103c6_EXTI_Driver.o
 .text.EXTI_Uptade
                0x0000000000000000      0x1e0 MCAL/Stm32f103c6_EXTI_Driver.o
 .text.MCAL_EXTI_GPIO_DeInit
                0x0000000000000000       0x94 MCAL/Stm32f103c6_EXTI_Driver.o
 .text.MCAL_EXTI_GPIO_Init
                0x0000000000000000       0x16 MCAL/Stm32f103c6_EXTI_Driver.o
 .text.MCAL_EXTI__GPIO_Uptade
                0x0000000000000000       0x16 MCAL/Stm32f103c6_EXTI_Driver.o
 .debug_macro   0x0000000000000000      0xa60 MCAL/Stm32f103c6_EXTI_Driver.o
 .debug_macro   0x0000000000000000       0x22 MCAL/Stm32f103c6_EXTI_Driver.o
 .debug_macro   0x0000000000000000       0x8e MCAL/Stm32f103c6_EXTI_Driver.o
 .debug_macro   0x0000000000000000       0x51 MCAL/Stm32f103c6_EXTI_Driver.o
 .debug_macro   0x0000000000000000       0xef MCAL/Stm32f103c6_EXTI_Driver.o
 .debug_macro   0x0000000000000000       0x6a MCAL/Stm32f103c6_EXTI_Driver.o
 .debug_macro   0x0000000000000000      0x1df MCAL/Stm32f103c6_EXTI_Driver.o
 .debug_macro   0x0000000000000000      0x2de MCAL/Stm32f103c6_EXTI_Driver.o
 .group         0x0000000000000000        0xc MCAL/Stm32f103c6_GPIO_Driver.o
 .group         0x0000000000000000        0xc MCAL/Stm32f103c6_GPIO_Driver.o
 .group         0x0000000000000000        0xc MCAL/Stm32f103c6_GPIO_Driver.o
 .group         0x0000000000000000        0xc MCAL/Stm32f103c6_GPIO_Driver.o
 .group         0x0000000000000000        0xc MCAL/Stm32f103c6_GPIO_Driver.o
 .group         0x0000000000000000        0xc MCAL/Stm32f103c6_GPIO_Driver.o
 .group         0x0000000000000000        0xc MCAL/Stm32f103c6_GPIO_Driver.o
 .group         0x0000000000000000        0xc MCAL/Stm32f103c6_GPIO_Driver.o
 .group         0x0000000000000000        0xc MCAL/Stm32f103c6_GPIO_Driver.o
 .text          0x0000000000000000        0x0 MCAL/Stm32f103c6_GPIO_Driver.o
 .data          0x0000000000000000        0x0 MCAL/Stm32f103c6_GPIO_Driver.o
 .bss           0x0000000000000000        0x0 MCAL/Stm32f103c6_GPIO_Driver.o
 .text.MCAL_GPIO_Reset_Output_Particular
                0x0000000000000000       0x24 MCAL/Stm32f103c6_GPIO_Driver.o
 .text.MCAL_GPIO_Set_Output_Particular
                0x0000000000000000       0x22 MCAL/Stm32f103c6_GPIO_Driver.o
 .text.Get_Pin_Bit_Position
                0x0000000000000000       0xca MCAL/Stm32f103c6_GPIO_Driver.o
 .text.MCAL_GPIO_INIT
                0x0000000000000000       0xf2 MCAL/Stm32f103c6_GPIO_Driver.o
 .text.MCAL_GPIO_DEINIT
                0x0000000000000000       0xc8 MCAL/Stm32f103c6_GPIO_Driver.o
 .text.MCAL_GPIO_ReadPort
                0x0000000000000000       0x1a MCAL/Stm32f103c6_GPIO_Driver.o
 .text.MCAL_GPIO_ReadPin
                0x0000000000000000       0x28 MCAL/Stm32f103c6_GPIO_Driver.o
 .text.MCAL_GPIO_WritePort
                0x0000000000000000       0x1c MCAL/Stm32f103c6_GPIO_Driver.o
 .text.MCAL_GPIO_WritePin
                0x0000000000000000       0x2e MCAL/Stm32f103c6_GPIO_Driver.o
 .text.MCAL_GPIO_TogglePin
                0x0000000000000000       0x22 MCAL/Stm32f103c6_GPIO_Driver.o
 .text.MCAL_GPIO_lockPin
                0x0000000000000000       0x54 MCAL/Stm32f103c6_GPIO_Driver.o
 .debug_info    0x0000000000000000      0x49b MCAL/Stm32f103c6_GPIO_Driver.o
 .debug_abbrev  0x0000000000000000      0x137 MCAL/Stm32f103c6_GPIO_Driver.o
 .debug_loc     0x0000000000000000      0x3e8 MCAL/Stm32f103c6_GPIO_Driver.o
 .debug_aranges
                0x0000000000000000       0x70 MCAL/Stm32f103c6_GPIO_Driver.o
 .debug_ranges  0x0000000000000000       0x60 MCAL/Stm32f103c6_GPIO_Driver.o
 .debug_macro   0x0000000000000000       0x81 MCAL/Stm32f103c6_GPIO_Driver.o
 .debug_macro   0x0000000000000000      0xa60 MCAL/Stm32f103c6_GPIO_Driver.o
 .debug_macro   0x0000000000000000       0x22 MCAL/Stm32f103c6_GPIO_Driver.o
 .debug_macro   0x0000000000000000       0x8e MCAL/Stm32f103c6_GPIO_Driver.o
 .debug_macro   0x0000000000000000       0x51 MCAL/Stm32f103c6_GPIO_Driver.o
 .debug_macro   0x0000000000000000       0xef MCAL/Stm32f103c6_GPIO_Driver.o
 .debug_macro   0x0000000000000000       0x6a MCAL/Stm32f103c6_GPIO_Driver.o
 .debug_macro   0x0000000000000000      0x1df MCAL/Stm32f103c6_GPIO_Driver.o
 .debug_macro   0x0000000000000000      0x2de MCAL/Stm32f103c6_GPIO_Driver.o
 .debug_macro   0x0000000000000000       0xc4 MCAL/Stm32f103c6_GPIO_Driver.o
 .debug_line    0x0000000000000000      0x4e8 MCAL/Stm32f103c6_GPIO_Driver.o
 .debug_str     0x0000000000000000     0x50dc MCAL/Stm32f103c6_GPIO_Driver.o
 .comment       0x0000000000000000       0x7c MCAL/Stm32f103c6_GPIO_Driver.o
 .debug_frame   0x0000000000000000      0x1c8 MCAL/Stm32f103c6_GPIO_Driver.o
 .ARM.attributes
                0x0000000000000000       0x33 MCAL/Stm32f103c6_GPIO_Driver.o
 .group         0x0000000000000000        0xc MCAL/Stm32f103c6_I2C_Driver.o
 .group         0x0000000000000000        0xc MCAL/Stm32f103c6_I2C_Driver.o
 .group         0x0000000000000000        0xc MCAL/Stm32f103c6_I2C_Driver.o
 .group         0x0000000000000000        0xc MCAL/Stm32f103c6_I2C_Driver.o
 .group         0x0000000000000000        0xc MCAL/Stm32f103c6_I2C_Driver.o
 .group         0x0000000000000000        0xc MCAL/Stm32f103c6_I2C_Driver.o
 .group         0x0000000000000000        0xc MCAL/Stm32f103c6_I2C_Driver.o
 .group         0x0000000000000000        0xc MCAL/Stm32f103c6_I2C_Driver.o
 .group         0x0000000000000000        0xc MCAL/Stm32f103c6_I2C_Driver.o
 .group         0x0000000000000000        0xc MCAL/Stm32f103c6_I2C_Driver.o
 .group         0x0000000000000000        0xc MCAL/Stm32f103c6_I2C_Driver.o
 .group         0x0000000000000000        0xc MCAL/Stm32f103c6_I2C_Driver.o
 .text          0x0000000000000000        0x0 MCAL/Stm32f103c6_I2C_Driver.o
 .data          0x0000000000000000        0x0 MCAL/Stm32f103c6_I2C_Driver.o
 .bss           0x0000000000000000        0x0 MCAL/Stm32f103c6_I2C_Driver.o
 .bss.G_S_I2C_CFG
                0x0000000000000000       0x48 MCAL/Stm32f103c6_I2C_Driver.o
 .text.MCAL_I2C_Init
                0x0000000000000000      0x230 MCAL/Stm32f103c6_I2C_Driver.o
 .text.MCAL_I2C_DeInit
                0x0000000000000000       0x5c MCAL/Stm32f103c6_I2C_Driver.o
 .text.MCAL_I2C_GPIO_Init
                0x0000000000000000       0x88 MCAL/Stm32f103c6_I2C_Driver.o
 .text.MCAL_I2C_Master_SendData
                0x0000000000000000       0xa8 MCAL/Stm32f103c6_I2C_Driver.o
 .text.MCAL_I2C_Master_ReceiveData
                0x0000000000000000       0xc8 MCAL/Stm32f103c6_I2C_Driver.o
 .text.MCAL_I2C_Slave_SendData
                0x0000000000000000       0x1e MCAL/Stm32f103c6_I2C_Driver.o
 .text.MCAL_I2C_Slave_ReceiveData
                0x0000000000000000       0x1a MCAL/Stm32f103c6_I2C_Driver.o
 .text.I2C_Send_Slave_Address
                0x0000000000000000       0x40 MCAL/Stm32f103c6_I2C_Driver.o
 .text.I2C_Generate_Start
                0x0000000000000000       0x56 MCAL/Stm32f103c6_I2C_Driver.o
 .text.I2C_Get_FlagState
                0x0000000000000000       0xd4 MCAL/Stm32f103c6_I2C_Driver.o
 .text.I2C_ACK_Control
                0x0000000000000000       0x3e MCAL/Stm32f103c6_I2C_Driver.o
 .text.I2C_Generate_Stop
                0x0000000000000000       0x3e MCAL/Stm32f103c6_I2C_Driver.o
 .debug_info    0x0000000000000000      0x883 MCAL/Stm32f103c6_I2C_Driver.o
 .debug_abbrev  0x0000000000000000      0x1c7 MCAL/Stm32f103c6_I2C_Driver.o
 .debug_loc     0x0000000000000000      0x414 MCAL/Stm32f103c6_I2C_Driver.o
 .debug_aranges
                0x0000000000000000       0x78 MCAL/Stm32f103c6_I2C_Driver.o
 .debug_ranges  0x0000000000000000       0x68 MCAL/Stm32f103c6_I2C_Driver.o
 .debug_macro   0x0000000000000000       0xb2 MCAL/Stm32f103c6_I2C_Driver.o
 .debug_macro   0x0000000000000000      0xa60 MCAL/Stm32f103c6_I2C_Driver.o
 .debug_macro   0x0000000000000000      0x337 MCAL/Stm32f103c6_I2C_Driver.o
 .debug_macro   0x0000000000000000       0x22 MCAL/Stm32f103c6_I2C_Driver.o
 .debug_macro   0x0000000000000000       0x8e MCAL/Stm32f103c6_I2C_Driver.o
 .debug_macro   0x0000000000000000       0x51 MCAL/Stm32f103c6_I2C_Driver.o
 .debug_macro   0x0000000000000000       0xef MCAL/Stm32f103c6_I2C_Driver.o
 .debug_macro   0x0000000000000000       0x6a MCAL/Stm32f103c6_I2C_Driver.o
 .debug_macro   0x0000000000000000      0x1df MCAL/Stm32f103c6_I2C_Driver.o
 .debug_macro   0x0000000000000000      0x2de MCAL/Stm32f103c6_I2C_Driver.o
 .debug_macro   0x0000000000000000       0x70 MCAL/Stm32f103c6_I2C_Driver.o
 .debug_macro   0x0000000000000000       0xca MCAL/Stm32f103c6_I2C_Driver.o
 .debug_macro   0x0000000000000000       0x10 MCAL/Stm32f103c6_I2C_Driver.o
 .debug_line    0x0000000000000000      0x5b8 MCAL/Stm32f103c6_I2C_Driver.o
 .debug_str     0x0000000000000000     0x67bd MCAL/Stm32f103c6_I2C_Driver.o
 .comment       0x0000000000000000       0x7c MCAL/Stm32f103c6_I2C_Driver.o
 .debug_frame   0x0000000000000000      0x1e4 MCAL/Stm32f103c6_I2C_Driver.o
 .ARM.attributes
                0x0000000000000000       0x33 MCAL/Stm32f103c6_I2C_Driver.o
 .group         0x0000000000000000        0xc MCAL/Stm32f103c6_RCC_Driver.o
 .group         0x0000000000000000        0xc MCAL/Stm32f103c6_RCC_Driver.o
 .group         0x0000000000000000        0xc MCAL/Stm32f103c6_RCC_Driver.o
 .group         0x0000000000000000        0xc MCAL/Stm32f103c6_RCC_Driver.o
 .group         0x0000000000000000        0xc MCAL/Stm32f103c6_RCC_Driver.o
 .group         0x0000000000000000        0xc MCAL/Stm32f103c6_RCC_Driver.o
 .group         0x0000000000000000        0xc MCAL/Stm32f103c6_RCC_Driver.o
 .group         0x0000000000000000        0xc MCAL/Stm32f103c6_RCC_Driver.o
 .group         0x0000000000000000        0xc MCAL/Stm32f103c6_RCC_Driver.o
 .group         0x0000000000000000        0xc MCAL/Stm32f103c6_RCC_Driver.o
 .text          0x0000000000000000        0x0 MCAL/Stm32f103c6_RCC_Driver.o
 .data          0x0000000000000000        0x0 MCAL/Stm32f103c6_RCC_Driver.o
 .bss           0x0000000000000000        0x0 MCAL/Stm32f103c6_RCC_Driver.o
 .rodata.APBPrescTable
                0x0000000000000000        0x8 MCAL/Stm32f103c6_RCC_Driver.o
 .rodata.AHBPrescTable
                0x0000000000000000       0x10 MCAL/Stm32f103c6_RCC_Driver.o
 .text.MCAL_RCC_GetSYS_CLCKFreq
                0x0000000000000000       0x40 MCAL/Stm32f103c6_RCC_Driver.o
 .text.MCAL_RCC_GetHCLKFreq
                0x0000000000000000       0x28 MCAL/Stm32f103c6_RCC_Driver.o
 .text.MCAL_RCC_GetPCLK1Freq
                0x0000000000000000       0x28 MCAL/Stm32f103c6_RCC_Driver.o
 .text.MCAL_RCC_GetPCLK2Freq
                0x0000000000000000       0x28 MCAL/Stm32f103c6_RCC_Driver.o
 .debug_info    0x0000000000000000      0x1f1 MCAL/Stm32f103c6_RCC_Driver.o
 .debug_abbrev  0x0000000000000000       0xcc MCAL/Stm32f103c6_RCC_Driver.o
 .debug_loc     0x0000000000000000       0xc8 MCAL/Stm32f103c6_RCC_Driver.o
 .debug_aranges
                0x0000000000000000       0x38 MCAL/Stm32f103c6_RCC_Driver.o
 .debug_ranges  0x0000000000000000       0x28 MCAL/Stm32f103c6_RCC_Driver.o
 .debug_macro   0x0000000000000000       0x90 MCAL/Stm32f103c6_RCC_Driver.o
 .debug_macro   0x0000000000000000      0xa60 MCAL/Stm32f103c6_RCC_Driver.o
 .debug_macro   0x0000000000000000       0x22 MCAL/Stm32f103c6_RCC_Driver.o
 .debug_macro   0x0000000000000000       0x8e MCAL/Stm32f103c6_RCC_Driver.o
 .debug_macro   0x0000000000000000       0x51 MCAL/Stm32f103c6_RCC_Driver.o
 .debug_macro   0x0000000000000000       0xef MCAL/Stm32f103c6_RCC_Driver.o
 .debug_macro   0x0000000000000000       0x6a MCAL/Stm32f103c6_RCC_Driver.o
 .debug_macro   0x0000000000000000      0x1df MCAL/Stm32f103c6_RCC_Driver.o
 .debug_macro   0x0000000000000000      0x2de MCAL/Stm32f103c6_RCC_Driver.o
 .debug_macro   0x0000000000000000       0xc4 MCAL/Stm32f103c6_RCC_Driver.o
 .debug_macro   0x0000000000000000       0x10 MCAL/Stm32f103c6_RCC_Driver.o
 .debug_line    0x0000000000000000      0x407 MCAL/Stm32f103c6_RCC_Driver.o
 .debug_str     0x0000000000000000     0x5013 MCAL/Stm32f103c6_RCC_Driver.o
 .comment       0x0000000000000000       0x7c MCAL/Stm32f103c6_RCC_Driver.o
 .debug_frame   0x0000000000000000       0x84 MCAL/Stm32f103c6_RCC_Driver.o
 .ARM.attributes
                0x0000000000000000       0x33 MCAL/Stm32f103c6_RCC_Driver.o
 .group         0x0000000000000000        0xc MCAL/Stm32f103c6_SPI_Driver.o
 .group         0x0000000000000000        0xc MCAL/Stm32f103c6_SPI_Driver.o
 .group         0x0000000000000000        0xc MCAL/Stm32f103c6_SPI_Driver.o
 .group         0x0000000000000000        0xc MCAL/Stm32f103c6_SPI_Driver.o
 .group         0x0000000000000000        0xc MCAL/Stm32f103c6_SPI_Driver.o
 .group         0x0000000000000000        0xc MCAL/Stm32f103c6_SPI_Driver.o
 .group         0x0000000000000000        0xc MCAL/Stm32f103c6_SPI_Driver.o
 .group         0x0000000000000000        0xc MCAL/Stm32f103c6_SPI_Driver.o
 .group         0x0000000000000000        0xc MCAL/Stm32f103c6_SPI_Driver.o
 .group         0x0000000000000000        0xc MCAL/Stm32f103c6_SPI_Driver.o
 .text          0x0000000000000000        0x0 MCAL/Stm32f103c6_SPI_Driver.o
 .data          0x0000000000000000        0x0 MCAL/Stm32f103c6_SPI_Driver.o
 .bss           0x0000000000000000        0x0 MCAL/Stm32f103c6_SPI_Driver.o
 .text.MCAL_SPI_Init
                0x0000000000000000      0x128 MCAL/Stm32f103c6_SPI_Driver.o
 .text.MCAL_SPI_Deinit
                0x0000000000000000       0x3c MCAL/Stm32f103c6_SPI_Driver.o
 .text.MCAL_SPI_Set_Pin
                0x0000000000000000      0x218 MCAL/Stm32f103c6_SPI_Driver.o
 .text.MCAL_SPI_Send
                0x0000000000000000       0x38 MCAL/Stm32f103c6_SPI_Driver.o
 .text.MCAL_SPI_Receive
                0x0000000000000000       0x36 MCAL/Stm32f103c6_SPI_Driver.o
 .text.MCAL_SPI_TX_RX
                0x0000000000000000       0x56 MCAL/Stm32f103c6_SPI_Driver.o
 .debug_macro   0x0000000000000000      0xa60 MCAL/Stm32f103c6_SPI_Driver.o
 .debug_macro   0x0000000000000000       0x22 MCAL/Stm32f103c6_SPI_Driver.o
 .debug_macro   0x0000000000000000       0x8e MCAL/Stm32f103c6_SPI_Driver.o
 .debug_macro   0x0000000000000000       0x51 MCAL/Stm32f103c6_SPI_Driver.o
 .debug_macro   0x0000000000000000       0xef MCAL/Stm32f103c6_SPI_Driver.o
 .debug_macro   0x0000000000000000       0x6a MCAL/Stm32f103c6_SPI_Driver.o
 .debug_macro   0x0000000000000000      0x1df MCAL/Stm32f103c6_SPI_Driver.o
 .debug_macro   0x0000000000000000      0x2de MCAL/Stm32f103c6_SPI_Driver.o
 .debug_macro   0x0000000000000000       0xc4 MCAL/Stm32f103c6_SPI_Driver.o
 .group         0x0000000000000000        0xc MCAL/Stm32f103c6_Uart_Driver.o
 .group         0x0000000000000000        0xc MCAL/Stm32f103c6_Uart_Driver.o
 .group         0x0000000000000000        0xc MCAL/Stm32f103c6_Uart_Driver.o
 .group         0x0000000000000000        0xc MCAL/Stm32f103c6_Uart_Driver.o
 .group         0x0000000000000000        0xc MCAL/Stm32f103c6_Uart_Driver.o
 .group         0x0000000000000000        0xc MCAL/Stm32f103c6_Uart_Driver.o
 .group         0x0000000000000000        0xc MCAL/Stm32f103c6_Uart_Driver.o
 .group         0x0000000000000000        0xc MCAL/Stm32f103c6_Uart_Driver.o
 .group         0x0000000000000000        0xc MCAL/Stm32f103c6_Uart_Driver.o
 .group         0x0000000000000000        0xc MCAL/Stm32f103c6_Uart_Driver.o
 .group         0x0000000000000000        0xc MCAL/Stm32f103c6_Uart_Driver.o
 .text          0x0000000000000000        0x0 MCAL/Stm32f103c6_Uart_Driver.o
 .data          0x0000000000000000        0x0 MCAL/Stm32f103c6_Uart_Driver.o
 .bss           0x0000000000000000        0x0 MCAL/Stm32f103c6_Uart_Driver.o
 .text.MCAL_UART_Init
                0x0000000000000000      0x17c MCAL/Stm32f103c6_Uart_Driver.o
 .text.MCAL_UART_DeInit
                0x0000000000000000       0x80 MCAL/Stm32f103c6_Uart_Driver.o
 .text.MCAL_UART_GPIO_Set_Pins
                0x0000000000000000      0x1cc MCAL/Stm32f103c6_Uart_Driver.o
 .text.MCAL_UART_SendData
                0x0000000000000000       0x36 MCAL/Stm32f103c6_Uart_Driver.o
 .text.MCAL_UART_ReceiveData
                0x0000000000000000       0x5c MCAL/Stm32f103c6_Uart_Driver.o
 .debug_macro   0x0000000000000000      0xa60 MCAL/Stm32f103c6_Uart_Driver.o
 .debug_macro   0x0000000000000000       0x22 MCAL/Stm32f103c6_Uart_Driver.o
 .debug_macro   0x0000000000000000       0x8e MCAL/Stm32f103c6_Uart_Driver.o
 .debug_macro   0x0000000000000000       0x51 MCAL/Stm32f103c6_Uart_Driver.o
 .debug_macro   0x0000000000000000       0xef MCAL/Stm32f103c6_Uart_Driver.o
 .debug_macro   0x0000000000000000       0x6a MCAL/Stm32f103c6_Uart_Driver.o
 .debug_macro   0x0000000000000000      0x1df MCAL/Stm32f103c6_Uart_Driver.o
 .debug_macro   0x0000000000000000      0x2de MCAL/Stm32f103c6_Uart_Driver.o
 .debug_macro   0x0000000000000000       0xca MCAL/Stm32f103c6_Uart_Driver.o
 .debug_macro   0x0000000000000000       0x10 MCAL/Stm32f103c6_Uart_Driver.o
 .group         0x0000000000000000        0xc MyOwn_RTOS/CortexMx_OS_Porting.o
 .group         0x0000000000000000        0xc MyOwn_RTOS/CortexMx_OS_Porting.o
 .group         0x0000000000000000        0xc MyOwn_RTOS/CortexMx_OS_Porting.o
 .group         0x0000000000000000        0xc MyOwn_RTOS/CortexMx_OS_Porting.o
 .group         0x0000000000000000        0xc MyOwn_RTOS/CortexMx_OS_Porting.o
 .group         0x0000000000000000        0xc MyOwn_RTOS/CortexMx_OS_Porting.o
 .group         0x0000000000000000        0xc MyOwn_RTOS/CortexMx_OS_Porting.o
 .group         0x0000000000000000        0xc MyOwn_RTOS/CortexMx_OS_Porting.o
 .group         0x0000000000000000        0xc MyOwn_RTOS/CortexMx_OS_Porting.o
 .group         0x0000000000000000        0xc MyOwn_RTOS/CortexMx_OS_Porting.o
 .group         0x0000000000000000        0xc MyOwn_RTOS/CortexMx_OS_Porting.o
 .group         0x0000000000000000        0xc MyOwn_RTOS/CortexMx_OS_Porting.o
 .group         0x0000000000000000        0xc MyOwn_RTOS/CortexMx_OS_Porting.o
 .group         0x0000000000000000        0xc MyOwn_RTOS/CortexMx_OS_Porting.o
 .text          0x0000000000000000        0x0 MyOwn_RTOS/CortexMx_OS_Porting.o
 .data          0x0000000000000000        0x0 MyOwn_RTOS/CortexMx_OS_Porting.o
 .bss           0x0000000000000000        0x0 MyOwn_RTOS/CortexMx_OS_Porting.o
 .debug_macro   0x0000000000000000      0xa60 MyOwn_RTOS/CortexMx_OS_Porting.o
 .debug_macro   0x0000000000000000       0x22 MyOwn_RTOS/CortexMx_OS_Porting.o
 .debug_macro   0x0000000000000000       0x8e MyOwn_RTOS/CortexMx_OS_Porting.o
 .debug_macro   0x0000000000000000       0x51 MyOwn_RTOS/CortexMx_OS_Porting.o
 .debug_macro   0x0000000000000000       0xef MyOwn_RTOS/CortexMx_OS_Porting.o
 .debug_macro   0x0000000000000000       0x6a MyOwn_RTOS/CortexMx_OS_Porting.o
 .debug_macro   0x0000000000000000      0x1df MyOwn_RTOS/CortexMx_OS_Porting.o
 COMMON         0x0000000000000000        0x0 MyOwn_RTOS/CortexMx_OS_Porting.o
 .group         0x0000000000000000        0xc MyOwn_RTOS/MyRTOS_FIFO.o
 .group         0x0000000000000000        0xc MyOwn_RTOS/MyRTOS_FIFO.o
 .group         0x0000000000000000        0xc MyOwn_RTOS/MyRTOS_FIFO.o
 .group         0x0000000000000000        0xc MyOwn_RTOS/MyRTOS_FIFO.o
 .group         0x0000000000000000        0xc MyOwn_RTOS/MyRTOS_FIFO.o
 .group         0x0000000000000000        0xc MyOwn_RTOS/MyRTOS_FIFO.o
 .group         0x0000000000000000        0xc MyOwn_RTOS/MyRTOS_FIFO.o
 .group         0x0000000000000000        0xc MyOwn_RTOS/MyRTOS_FIFO.o
 .group         0x0000000000000000        0xc MyOwn_RTOS/MyRTOS_FIFO.o
 .group         0x0000000000000000        0xc MyOwn_RTOS/MyRTOS_FIFO.o
 .group         0x0000000000000000        0xc MyOwn_RTOS/MyRTOS_FIFO.o
 .group         0x0000000000000000        0xc MyOwn_RTOS/MyRTOS_FIFO.o
 .group         0x0000000000000000        0xc MyOwn_RTOS/MyRTOS_FIFO.o
 .group         0x0000000000000000        0xc MyOwn_RTOS/MyRTOS_FIFO.o
 .group         0x0000000000000000        0xc MyOwn_RTOS/MyRTOS_FIFO.o
 .group         0x0000000000000000        0xc MyOwn_RTOS/MyRTOS_FIFO.o
 .group         0x0000000000000000        0xc MyOwn_RTOS/MyRTOS_FIFO.o
 .group         0x0000000000000000        0xc MyOwn_RTOS/MyRTOS_FIFO.o
 .group         0x0000000000000000        0xc MyOwn_RTOS/MyRTOS_FIFO.o
 .group         0x0000000000000000        0xc MyOwn_RTOS/MyRTOS_FIFO.o
 .group         0x0000000000000000        0xc MyOwn_RTOS/MyRTOS_FIFO.o
 .group         0x0000000000000000        0xc MyOwn_RTOS/MyRTOS_FIFO.o
 .group         0x0000000000000000        0xc MyOwn_RTOS/MyRTOS_FIFO.o
 .group         0x0000000000000000        0xc MyOwn_RTOS/MyRTOS_FIFO.o
 .group         0x0000000000000000        0xc MyOwn_RTOS/MyRTOS_FIFO.o
 .group         0x0000000000000000        0xc MyOwn_RTOS/MyRTOS_FIFO.o
 .group         0x0000000000000000        0xc MyOwn_RTOS/MyRTOS_FIFO.o
 .group         0x0000000000000000        0xc MyOwn_RTOS/MyRTOS_FIFO.o
 .text          0x0000000000000000        0x0 MyOwn_RTOS/MyRTOS_FIFO.o
 .data          0x0000000000000000        0x0 MyOwn_RTOS/MyRTOS_FIFO.o
 .bss           0x0000000000000000        0x0 MyOwn_RTOS/MyRTOS_FIFO.o
 .text.FIFO_buf_is_full
                0x0000000000000000       0x24 MyOwn_RTOS/MyRTOS_FIFO.o
 .debug_macro   0x0000000000000000      0xa60 MyOwn_RTOS/MyRTOS_FIFO.o
 .debug_macro   0x0000000000000000       0x28 MyOwn_RTOS/MyRTOS_FIFO.o
 .debug_macro   0x0000000000000000       0x22 MyOwn_RTOS/MyRTOS_FIFO.o
 .debug_macro   0x0000000000000000       0x8e MyOwn_RTOS/MyRTOS_FIFO.o
 .debug_macro   0x0000000000000000       0x51 MyOwn_RTOS/MyRTOS_FIFO.o
 .debug_macro   0x0000000000000000       0xef MyOwn_RTOS/MyRTOS_FIFO.o
 .debug_macro   0x0000000000000000       0x6a MyOwn_RTOS/MyRTOS_FIFO.o
 .debug_macro   0x0000000000000000      0x1df MyOwn_RTOS/MyRTOS_FIFO.o
 .debug_macro   0x0000000000000000       0x1c MyOwn_RTOS/MyRTOS_FIFO.o
 .debug_macro   0x0000000000000000       0x22 MyOwn_RTOS/MyRTOS_FIFO.o
 .debug_macro   0x0000000000000000       0xe5 MyOwn_RTOS/MyRTOS_FIFO.o
 .debug_macro   0x0000000000000000      0xe2d MyOwn_RTOS/MyRTOS_FIFO.o
 .debug_macro   0x0000000000000000      0x11f MyOwn_RTOS/MyRTOS_FIFO.o
 .debug_macro   0x0000000000000000       0x46 MyOwn_RTOS/MyRTOS_FIFO.o
 .group         0x0000000000000000        0xc MyOwn_RTOS/Scheduler.o
 .group         0x0000000000000000        0xc MyOwn_RTOS/Scheduler.o
 .group         0x0000000000000000        0xc MyOwn_RTOS/Scheduler.o
 .group         0x0000000000000000        0xc MyOwn_RTOS/Scheduler.o
 .group         0x0000000000000000        0xc MyOwn_RTOS/Scheduler.o
 .group         0x0000000000000000        0xc MyOwn_RTOS/Scheduler.o
 .group         0x0000000000000000        0xc MyOwn_RTOS/Scheduler.o
 .group         0x0000000000000000        0xc MyOwn_RTOS/Scheduler.o
 .group         0x0000000000000000        0xc MyOwn_RTOS/Scheduler.o
 .group         0x0000000000000000        0xc MyOwn_RTOS/Scheduler.o
 .group         0x0000000000000000        0xc MyOwn_RTOS/Scheduler.o
 .group         0x0000000000000000        0xc MyOwn_RTOS/Scheduler.o
 .group         0x0000000000000000        0xc MyOwn_RTOS/Scheduler.o
 .group         0x0000000000000000        0xc MyOwn_RTOS/Scheduler.o
 .group         0x0000000000000000        0xc MyOwn_RTOS/Scheduler.o
 .group         0x0000000000000000        0xc MyOwn_RTOS/Scheduler.o
 .group         0x0000000000000000        0xc MyOwn_RTOS/Scheduler.o
 .group         0x0000000000000000        0xc MyOwn_RTOS/Scheduler.o
 .group         0x0000000000000000        0xc MyOwn_RTOS/Scheduler.o
 .group         0x0000000000000000        0xc MyOwn_RTOS/Scheduler.o
 .group         0x0000000000000000        0xc MyOwn_RTOS/Scheduler.o
 .group         0x0000000000000000        0xc MyOwn_RTOS/Scheduler.o
 .group         0x0000000000000000        0xc MyOwn_RTOS/Scheduler.o
 .group         0x0000000000000000        0xc MyOwn_RTOS/Scheduler.o
 .group         0x0000000000000000        0xc MyOwn_RTOS/Scheduler.o
 .group         0x0000000000000000        0xc MyOwn_RTOS/Scheduler.o
 .group         0x0000000000000000        0xc MyOwn_RTOS/Scheduler.o
 .group         0x0000000000000000        0xc MyOwn_RTOS/Scheduler.o
 .text          0x0000000000000000        0x0 MyOwn_RTOS/Scheduler.o
 .data          0x0000000000000000        0x0 MyOwn_RTOS/Scheduler.o
 .bss           0x0000000000000000        0x0 MyOwn_RTOS/Scheduler.o
 .text.MyRTOS_TerminateTask
                0x0000000000000000       0x1e MyOwn_RTOS/Scheduler.o
 .text.MyRTOS_ReleaseMutex
                0x0000000000000000       0x36 MyOwn_RTOS/Scheduler.o
 .debug_macro   0x0000000000000000      0xa60 MyOwn_RTOS/Scheduler.o
 .debug_macro   0x0000000000000000       0x28 MyOwn_RTOS/Scheduler.o
 .debug_macro   0x0000000000000000       0x22 MyOwn_RTOS/Scheduler.o
 .debug_macro   0x0000000000000000       0x8e MyOwn_RTOS/Scheduler.o
 .debug_macro   0x0000000000000000       0x51 MyOwn_RTOS/Scheduler.o
 .debug_macro   0x0000000000000000       0xef MyOwn_RTOS/Scheduler.o
 .debug_macro   0x0000000000000000       0x6a MyOwn_RTOS/Scheduler.o
 .debug_macro   0x0000000000000000      0x1df MyOwn_RTOS/Scheduler.o
 .debug_macro   0x0000000000000000       0x1c MyOwn_RTOS/Scheduler.o
 .debug_macro   0x0000000000000000       0x22 MyOwn_RTOS/Scheduler.o
 .debug_macro   0x0000000000000000       0xe5 MyOwn_RTOS/Scheduler.o
 .debug_macro   0x0000000000000000      0xe2d MyOwn_RTOS/Scheduler.o
 .debug_macro   0x0000000000000000      0x11f MyOwn_RTOS/Scheduler.o
 .debug_macro   0x0000000000000000       0x46 MyOwn_RTOS/Scheduler.o
 .debug_macro   0x0000000000000000       0x46 MyOwn_RTOS/Scheduler.o
 .debug_macro   0x0000000000000000       0x18 MyOwn_RTOS/Scheduler.o
 .debug_macro   0x0000000000000000       0x3c MyOwn_RTOS/Scheduler.o
 .debug_macro   0x0000000000000000       0x34 MyOwn_RTOS/Scheduler.o
 .debug_macro   0x0000000000000000      0x174 MyOwn_RTOS/Scheduler.o
 .debug_macro   0x0000000000000000       0x52 MyOwn_RTOS/Scheduler.o
 .debug_macro   0x0000000000000000       0x1f MyOwn_RTOS/Scheduler.o
 .debug_macro   0x0000000000000000       0x43 MyOwn_RTOS/Scheduler.o
 .debug_macro   0x0000000000000000       0x20 MyOwn_RTOS/Scheduler.o
 .debug_macro   0x0000000000000000      0x1a3 MyOwn_RTOS/Scheduler.o
 .debug_macro   0x0000000000000000      0x32a MyOwn_RTOS/Scheduler.o
 .debug_macro   0x0000000000000000       0x10 MyOwn_RTOS/Scheduler.o
 .debug_macro   0x0000000000000000       0x35 MyOwn_RTOS/Scheduler.o
 .debug_macro   0x0000000000000000       0x20 MyOwn_RTOS/Scheduler.o
 .group         0x0000000000000000        0xc Src/main.o
 .group         0x0000000000000000        0xc Src/main.o
 .group         0x0000000000000000        0xc Src/main.o
 .group         0x0000000000000000        0xc Src/main.o
 .group         0x0000000000000000        0xc Src/main.o
 .group         0x0000000000000000        0xc Src/main.o
 .group         0x0000000000000000        0xc Src/main.o
 .group         0x0000000000000000        0xc Src/main.o
 .group         0x0000000000000000        0xc Src/main.o
 .group         0x0000000000000000        0xc Src/main.o
 .group         0x0000000000000000        0xc Src/main.o
 .group         0x0000000000000000        0xc Src/main.o
 .group         0x0000000000000000        0xc Src/main.o
 .group         0x0000000000000000        0xc Src/main.o
 .group         0x0000000000000000        0xc Src/main.o
 .group         0x0000000000000000        0xc Src/main.o
 .group         0x0000000000000000        0xc Src/main.o
 .group         0x0000000000000000        0xc Src/main.o
 .group         0x0000000000000000        0xc Src/main.o
 .group         0x0000000000000000        0xc Src/main.o
 .group         0x0000000000000000        0xc Src/main.o
 .group         0x0000000000000000        0xc Src/main.o
 .group         0x0000000000000000        0xc Src/main.o
 .group         0x0000000000000000        0xc Src/main.o
 .group         0x0000000000000000        0xc Src/main.o
 .group         0x0000000000000000        0xc Src/main.o
 .group         0x0000000000000000        0xc Src/main.o
 .group         0x0000000000000000        0xc Src/main.o
 .text          0x0000000000000000        0x0 Src/main.o
 .data          0x0000000000000000        0x0 Src/main.o
 .bss           0x0000000000000000        0x0 Src/main.o
 .debug_macro   0x0000000000000000      0xa60 Src/main.o
 .debug_macro   0x0000000000000000       0x28 Src/main.o
 .debug_macro   0x0000000000000000       0x22 Src/main.o
 .debug_macro   0x0000000000000000       0x8e Src/main.o
 .debug_macro   0x0000000000000000       0x51 Src/main.o
 .debug_macro   0x0000000000000000       0xef Src/main.o
 .debug_macro   0x0000000000000000       0x6a Src/main.o
 .debug_macro   0x0000000000000000      0x1df Src/main.o
 .debug_macro   0x0000000000000000       0x1c Src/main.o
 .debug_macro   0x0000000000000000       0x22 Src/main.o
 .debug_macro   0x0000000000000000       0xe5 Src/main.o
 .debug_macro   0x0000000000000000      0xe2d Src/main.o
 .debug_macro   0x0000000000000000      0x11f Src/main.o
 .debug_macro   0x0000000000000000       0x46 Src/main.o
 .debug_macro   0x0000000000000000       0x46 Src/main.o
 .debug_macro   0x0000000000000000       0x18 Src/main.o
 .debug_macro   0x0000000000000000       0x3c Src/main.o
 .debug_macro   0x0000000000000000       0x34 Src/main.o
 .debug_macro   0x0000000000000000      0x174 Src/main.o
 .debug_macro   0x0000000000000000       0x52 Src/main.o
 .debug_macro   0x0000000000000000       0x1f Src/main.o
 .debug_macro   0x0000000000000000       0x43 Src/main.o
 .debug_macro   0x0000000000000000       0x20 Src/main.o
 .debug_macro   0x0000000000000000      0x1a3 Src/main.o
 .debug_macro   0x0000000000000000      0x32a Src/main.o
 .debug_macro   0x0000000000000000       0x10 Src/main.o
 .debug_macro   0x0000000000000000       0x35 Src/main.o
 .debug_macro   0x0000000000000000       0x20 Src/main.o
 .group         0x0000000000000000        0xc Src/syscalls.o
 .group         0x0000000000000000        0xc Src/syscalls.o
 .group         0x0000000000000000        0xc Src/syscalls.o
 .group         0x0000000000000000        0xc Src/syscalls.o
 .group         0x0000000000000000        0xc Src/syscalls.o
 .group         0x0000000000000000        0xc Src/syscalls.o
 .group         0x0000000000000000        0xc Src/syscalls.o
 .group         0x0000000000000000        0xc Src/syscalls.o
 .group         0x0000000000000000        0xc Src/syscalls.o
 .group         0x0000000000000000        0xc Src/syscalls.o
 .group         0x0000000000000000        0xc Src/syscalls.o
 .group         0x0000000000000000        0xc Src/syscalls.o
 .group         0x0000000000000000        0xc Src/syscalls.o
 .group         0x0000000000000000        0xc Src/syscalls.o
 .group         0x0000000000000000        0xc Src/syscalls.o
 .group         0x0000000000000000        0xc Src/syscalls.o
 .group         0x0000000000000000        0xc Src/syscalls.o
 .group         0x0000000000000000        0xc Src/syscalls.o
 .group         0x0000000000000000        0xc Src/syscalls.o
 .group         0x0000000000000000        0xc Src/syscalls.o
 .group         0x0000000000000000        0xc Src/syscalls.o
 .group         0x0000000000000000        0xc Src/syscalls.o
 .group         0x0000000000000000        0xc Src/syscalls.o
 .group         0x0000000000000000        0xc Src/syscalls.o
 .group         0x0000000000000000        0xc Src/syscalls.o
 .group         0x0000000000000000        0xc Src/syscalls.o
 .group         0x0000000000000000        0xc Src/syscalls.o
 .group         0x0000000000000000        0xc Src/syscalls.o
 .group         0x0000000000000000        0xc Src/syscalls.o
 .group         0x0000000000000000        0xc Src/syscalls.o
 .group         0x0000000000000000        0xc Src/syscalls.o
 .group         0x0000000000000000        0xc Src/syscalls.o
 .group         0x0000000000000000        0xc Src/syscalls.o
 .group         0x0000000000000000        0xc Src/syscalls.o
 .group         0x0000000000000000        0xc Src/syscalls.o
 .group         0x0000000000000000        0xc Src/syscalls.o
 .group         0x0000000000000000        0xc Src/syscalls.o
 .group         0x0000000000000000        0xc Src/syscalls.o
 .group         0x0000000000000000        0xc Src/syscalls.o
 .group         0x0000000000000000        0xc Src/syscalls.o
 .group         0x0000000000000000        0xc Src/syscalls.o
 .group         0x0000000000000000        0xc Src/syscalls.o
 .group         0x0000000000000000        0xc Src/syscalls.o
 .group         0x0000000000000000        0xc Src/syscalls.o
 .text          0x0000000000000000        0x0 Src/syscalls.o
 .data          0x0000000000000000        0x0 Src/syscalls.o
 .bss           0x0000000000000000        0x0 Src/syscalls.o
 .bss.__env     0x0000000000000000        0x4 Src/syscalls.o
 .data.environ  0x0000000000000000        0x4 Src/syscalls.o
 .text.initialise_monitor_handles
                0x0000000000000000        0xc Src/syscalls.o
 .text._getpid  0x0000000000000000        0xe Src/syscalls.o
 .text._kill    0x0000000000000000       0x20 Src/syscalls.o
 .text._exit    0x0000000000000000       0x14 Src/syscalls.o
 .text._read    0x0000000000000000       0x3a Src/syscalls.o
 .text._write   0x0000000000000000       0x38 Src/syscalls.o
 .text._close   0x0000000000000000       0x16 Src/syscalls.o
 .text._fstat   0x0000000000000000       0x1e Src/syscalls.o
 .text._isatty  0x0000000000000000       0x14 Src/syscalls.o
 .text._lseek   0x0000000000000000       0x18 Src/syscalls.o
 .text._open    0x0000000000000000       0x1a Src/syscalls.o
 .text._wait    0x0000000000000000       0x1e Src/syscalls.o
 .text._unlink  0x0000000000000000       0x1e Src/syscalls.o
 .text._times   0x0000000000000000       0x16 Src/syscalls.o
 .text._stat    0x0000000000000000       0x1e Src/syscalls.o
 .text._link    0x0000000000000000       0x20 Src/syscalls.o
 .text._fork    0x0000000000000000       0x16 Src/syscalls.o
 .text._execve  0x0000000000000000       0x22 Src/syscalls.o
 .debug_info    0x0000000000000000     0x1038 Src/syscalls.o
 .debug_abbrev  0x0000000000000000      0x254 Src/syscalls.o
 .debug_loc     0x0000000000000000      0x5b8 Src/syscalls.o
 .debug_aranges
                0x0000000000000000       0xa8 Src/syscalls.o
 .debug_ranges  0x0000000000000000       0x98 Src/syscalls.o
 .debug_macro   0x0000000000000000      0x243 Src/syscalls.o
 .debug_macro   0x0000000000000000      0xa60 Src/syscalls.o
 .debug_macro   0x0000000000000000       0x22 Src/syscalls.o
 .debug_macro   0x0000000000000000       0x40 Src/syscalls.o
 .debug_macro   0x0000000000000000       0x18 Src/syscalls.o
 .debug_macro   0x0000000000000000       0x94 Src/syscalls.o
 .debug_macro   0x0000000000000000       0x3c Src/syscalls.o
 .debug_macro   0x0000000000000000       0x34 Src/syscalls.o
 .debug_macro   0x0000000000000000       0x57 Src/syscalls.o
 .debug_macro   0x0000000000000000      0x174 Src/syscalls.o
 .debug_macro   0x0000000000000000      0x330 Src/syscalls.o
 .debug_macro   0x0000000000000000       0x52 Src/syscalls.o
 .debug_macro   0x0000000000000000       0x1f Src/syscalls.o
 .debug_macro   0x0000000000000000       0x43 Src/syscalls.o
 .debug_macro   0x0000000000000000       0x20 Src/syscalls.o
 .debug_macro   0x0000000000000000      0x1a3 Src/syscalls.o
 .debug_macro   0x0000000000000000       0x10 Src/syscalls.o
 .debug_macro   0x0000000000000000       0x35 Src/syscalls.o
 .debug_macro   0x0000000000000000       0x10 Src/syscalls.o
 .debug_macro   0x0000000000000000       0x10 Src/syscalls.o
 .debug_macro   0x0000000000000000       0x10 Src/syscalls.o
 .debug_macro   0x0000000000000000       0x6a Src/syscalls.o
 .debug_macro   0x0000000000000000       0x1c Src/syscalls.o
 .debug_macro   0x0000000000000000       0x52 Src/syscalls.o
 .debug_macro   0x0000000000000000       0x40 Src/syscalls.o
 .debug_macro   0x0000000000000000       0x10 Src/syscalls.o
 .debug_macro   0x0000000000000000       0x40 Src/syscalls.o
 .debug_macro   0x0000000000000000       0xd7 Src/syscalls.o
 .debug_macro   0x0000000000000000       0x1c Src/syscalls.o
 .debug_macro   0x0000000000000000       0x3d Src/syscalls.o
 .debug_macro   0x0000000000000000       0x35 Src/syscalls.o
 .debug_macro   0x0000000000000000      0x122 Src/syscalls.o
 .debug_macro   0x0000000000000000       0x16 Src/syscalls.o
 .debug_macro   0x0000000000000000       0x16 Src/syscalls.o
 .debug_macro   0x0000000000000000       0x29 Src/syscalls.o
 .debug_macro   0x0000000000000000       0x10 Src/syscalls.o
 .debug_macro   0x0000000000000000      0x241 Src/syscalls.o
 .debug_macro   0x0000000000000000       0x1c Src/syscalls.o
 .debug_macro   0x0000000000000000       0x10 Src/syscalls.o
 .debug_macro   0x0000000000000000       0x10 Src/syscalls.o
 .debug_macro   0x0000000000000000       0x16 Src/syscalls.o
 .debug_macro   0x0000000000000000      0x145 Src/syscalls.o
 .debug_macro   0x0000000000000000      0x189 Src/syscalls.o
 .debug_macro   0x0000000000000000       0x16 Src/syscalls.o
 .debug_macro   0x0000000000000000       0x88 Src/syscalls.o
 .debug_line    0x0000000000000000      0x6df Src/syscalls.o
 .debug_str     0x0000000000000000     0x8877 Src/syscalls.o
 .comment       0x0000000000000000       0x7c Src/syscalls.o
 .debug_frame   0x0000000000000000      0x2ac Src/syscalls.o
 .ARM.attributes
                0x0000000000000000       0x33 Src/syscalls.o
 .group         0x0000000000000000        0xc Src/sysmem.o
 .group         0x0000000000000000        0xc Src/sysmem.o
 .group         0x0000000000000000        0xc Src/sysmem.o
 .group         0x0000000000000000        0xc Src/sysmem.o
 .group         0x0000000000000000        0xc Src/sysmem.o
 .group         0x0000000000000000        0xc Src/sysmem.o
 .group         0x0000000000000000        0xc Src/sysmem.o
 .group         0x0000000000000000        0xc Src/sysmem.o
 .group         0x0000000000000000        0xc Src/sysmem.o
 .group         0x0000000000000000        0xc Src/sysmem.o
 .group         0x0000000000000000        0xc Src/sysmem.o
 .group         0x0000000000000000        0xc Src/sysmem.o
 .group         0x0000000000000000        0xc Src/sysmem.o
 .group         0x0000000000000000        0xc Src/sysmem.o
 .group         0x0000000000000000        0xc Src/sysmem.o
 .group         0x0000000000000000        0xc Src/sysmem.o
 .group         0x0000000000000000        0xc Src/sysmem.o
 .group         0x0000000000000000        0xc Src/sysmem.o
 .group         0x0000000000000000        0xc Src/sysmem.o
 .text          0x0000000000000000        0x0 Src/sysmem.o
 .data          0x0000000000000000        0x0 Src/sysmem.o
 .bss           0x0000000000000000        0x0 Src/sysmem.o
 .bss.__sbrk_heap_end
                0x0000000000000000        0x4 Src/sysmem.o
 .text._sbrk    0x0000000000000000       0x6c Src/sysmem.o
 .debug_info    0x0000000000000000      0xa7c Src/sysmem.o
 .debug_abbrev  0x0000000000000000      0x18e Src/sysmem.o
 .debug_loc     0x0000000000000000       0x50 Src/sysmem.o
 .debug_aranges
                0x0000000000000000       0x20 Src/sysmem.o
 .debug_ranges  0x0000000000000000       0x10 Src/sysmem.o
 .debug_macro   0x0000000000000000       0xee Src/sysmem.o
 .debug_macro   0x0000000000000000      0xa60 Src/sysmem.o
 .debug_macro   0x0000000000000000       0x10 Src/sysmem.o
 .debug_macro   0x0000000000000000       0x22 Src/sysmem.o
 .debug_macro   0x0000000000000000       0x40 Src/sysmem.o
 .debug_macro   0x0000000000000000       0x18 Src/sysmem.o
 .debug_macro   0x0000000000000000       0x94 Src/sysmem.o
 .debug_macro   0x0000000000000000       0x3c Src/sysmem.o
 .debug_macro   0x0000000000000000       0x34 Src/sysmem.o
 .debug_macro   0x0000000000000000      0x174 Src/sysmem.o
 .debug_macro   0x0000000000000000       0x57 Src/sysmem.o
 .debug_macro   0x0000000000000000       0x52 Src/sysmem.o
 .debug_macro   0x0000000000000000       0x1f Src/sysmem.o
 .debug_macro   0x0000000000000000       0x43 Src/sysmem.o
 .debug_macro   0x0000000000000000       0x20 Src/sysmem.o
 .debug_macro   0x0000000000000000      0x1a3 Src/sysmem.o
 .debug_macro   0x0000000000000000      0x23b Src/sysmem.o
 .debug_macro   0x0000000000000000       0xef Src/sysmem.o
 .debug_macro   0x0000000000000000       0x6a Src/sysmem.o
 .debug_macro   0x0000000000000000      0x1df Src/sysmem.o
 .debug_line    0x0000000000000000      0x468 Src/sysmem.o
 .debug_str     0x0000000000000000     0x5f45 Src/sysmem.o
 .comment       0x0000000000000000       0x7c Src/sysmem.o
 .debug_frame   0x0000000000000000       0x34 Src/sysmem.o
 .ARM.attributes
                0x0000000000000000       0x33 Src/sysmem.o
 .text          0x0000000000000000       0x14 Startup/startup_stm32f103c6tx.o
 .data          0x0000000000000000        0x0 Startup/startup_stm32f103c6tx.o
 .bss           0x0000000000000000        0x0 Startup/startup_stm32f103c6tx.o
 .text          0x0000000000000000        0x0 a:/ide/stm32cubeide/plugins/com.st.stm32cube.ide.mcu.externaltools.gnu-tools-for-stm32.7-2018-q2-update.win32_1.4.0.202007081208/tools/bin/../lib/gcc/arm-none-eabi/7.3.1/../../../../arm-none-eabi/lib/thumb/v7-m\libc_nano.a(lib_a-errno.o)
 .data          0x0000000000000000        0x0 a:/ide/stm32cubeide/plugins/com.st.stm32cube.ide.mcu.externaltools.gnu-tools-for-stm32.7-2018-q2-update.win32_1.4.0.202007081208/tools/bin/../lib/gcc/arm-none-eabi/7.3.1/../../../../arm-none-eabi/lib/thumb/v7-m\libc_nano.a(lib_a-errno.o)
 .bss           0x0000000000000000        0x0 a:/ide/stm32cubeide/plugins/com.st.stm32cube.ide.mcu.externaltools.gnu-tools-for-stm32.7-2018-q2-update.win32_1.4.0.202007081208/tools/bin/../lib/gcc/arm-none-eabi/7.3.1/../../../../arm-none-eabi/lib/thumb/v7-m\libc_nano.a(lib_a-errno.o)
 .text.__errno  0x0000000000000000        0xc a:/ide/stm32cubeide/plugins/com.st.stm32cube.ide.mcu.externaltools.gnu-tools-for-stm32.7-2018-q2-update.win32_1.4.0.202007081208/tools/bin/../lib/gcc/arm-none-eabi/7.3.1/../../../../arm-none-eabi/lib/thumb/v7-m\libc_nano.a(lib_a-errno.o)
 .debug_frame   0x0000000000000000       0x20 a:/ide/stm32cubeide/plugins/com.st.stm32cube.ide.mcu.externaltools.gnu-tools-for-stm32.7-2018-q2-update.win32_1.4.0.202007081208/tools/bin/../lib/gcc/arm-none-eabi/7.3.1/../../../../arm-none-eabi/lib/thumb/v7-m\libc_nano.a(lib_a-errno.o)
 .ARM.attributes
                0x0000000000000000       0x2d a:/ide/stm32cubeide/plugins/com.st.stm32cube.ide.mcu.externaltools.gnu-tools-for-stm32.7-2018-q2-update.win32_1.4.0.202007081208/tools/bin/../lib/gcc/arm-none-eabi/7.3.1/../../../../arm-none-eabi/lib/thumb/v7-m\libc_nano.a(lib_a-errno.o)
 .text          0x0000000000000000        0x0 a:/ide/stm32cubeide/plugins/com.st.stm32cube.ide.mcu.externaltools.gnu-tools-for-stm32.7-2018-q2-update.win32_1.4.0.202007081208/tools/bin/../lib/gcc/arm-none-eabi/7.3.1/../../../../arm-none-eabi/lib/thumb/v7-m\libc_nano.a(lib_a-exit.o)
 .data          0x0000000000000000        0x0 a:/ide/stm32cubeide/plugins/com.st.stm32cube.ide.mcu.externaltools.gnu-tools-for-stm32.7-2018-q2-update.win32_1.4.0.202007081208/tools/bin/../lib/gcc/arm-none-eabi/7.3.1/../../../../arm-none-eabi/lib/thumb/v7-m\libc_nano.a(lib_a-exit.o)
 .bss           0x0000000000000000        0x0 a:/ide/stm32cubeide/plugins/com.st.stm32cube.ide.mcu.externaltools.gnu-tools-for-stm32.7-2018-q2-update.win32_1.4.0.202007081208/tools/bin/../lib/gcc/arm-none-eabi/7.3.1/../../../../arm-none-eabi/lib/thumb/v7-m\libc_nano.a(lib_a-exit.o)
 .text.exit     0x0000000000000000       0x28 a:/ide/stm32cubeide/plugins/com.st.stm32cube.ide.mcu.externaltools.gnu-tools-for-stm32.7-2018-q2-update.win32_1.4.0.202007081208/tools/bin/../lib/gcc/arm-none-eabi/7.3.1/../../../../arm-none-eabi/lib/thumb/v7-m\libc_nano.a(lib_a-exit.o)
 .debug_frame   0x0000000000000000       0x28 a:/ide/stm32cubeide/plugins/com.st.stm32cube.ide.mcu.externaltools.gnu-tools-for-stm32.7-2018-q2-update.win32_1.4.0.202007081208/tools/bin/../lib/gcc/arm-none-eabi/7.3.1/../../../../arm-none-eabi/lib/thumb/v7-m\libc_nano.a(lib_a-exit.o)
 .ARM.attributes
                0x0000000000000000       0x2d a:/ide/stm32cubeide/plugins/com.st.stm32cube.ide.mcu.externaltools.gnu-tools-for-stm32.7-2018-q2-update.win32_1.4.0.202007081208/tools/bin/../lib/gcc/arm-none-eabi/7.3.1/../../../../arm-none-eabi/lib/thumb/v7-m\libc_nano.a(lib_a-exit.o)
 .text          0x0000000000000000        0x0 a:/ide/stm32cubeide/plugins/com.st.stm32cube.ide.mcu.externaltools.gnu-tools-for-stm32.7-2018-q2-update.win32_1.4.0.202007081208/tools/bin/../lib/gcc/arm-none-eabi/7.3.1/../../../../arm-none-eabi/lib/thumb/v7-m\libc_nano.a(lib_a-impure.o)
 .data          0x0000000000000000        0x0 a:/ide/stm32cubeide/plugins/com.st.stm32cube.ide.mcu.externaltools.gnu-tools-for-stm32.7-2018-q2-update.win32_1.4.0.202007081208/tools/bin/../lib/gcc/arm-none-eabi/7.3.1/../../../../arm-none-eabi/lib/thumb/v7-m\libc_nano.a(lib_a-impure.o)
 .bss           0x0000000000000000        0x0 a:/ide/stm32cubeide/plugins/com.st.stm32cube.ide.mcu.externaltools.gnu-tools-for-stm32.7-2018-q2-update.win32_1.4.0.202007081208/tools/bin/../lib/gcc/arm-none-eabi/7.3.1/../../../../arm-none-eabi/lib/thumb/v7-m\libc_nano.a(lib_a-impure.o)
 .data._impure_ptr
                0x0000000000000000        0x4 a:/ide/stm32cubeide/plugins/com.st.stm32cube.ide.mcu.externaltools.gnu-tools-for-stm32.7-2018-q2-update.win32_1.4.0.202007081208/tools/bin/../lib/gcc/arm-none-eabi/7.3.1/../../../../arm-none-eabi/lib/thumb/v7-m\libc_nano.a(lib_a-impure.o)
 .data.impure_data
                0x0000000000000000       0x60 a:/ide/stm32cubeide/plugins/com.st.stm32cube.ide.mcu.externaltools.gnu-tools-for-stm32.7-2018-q2-update.win32_1.4.0.202007081208/tools/bin/../lib/gcc/arm-none-eabi/7.3.1/../../../../arm-none-eabi/lib/thumb/v7-m\libc_nano.a(lib_a-impure.o)
 .rodata._global_impure_ptr
                0x0000000000000000        0x4 a:/ide/stm32cubeide/plugins/com.st.stm32cube.ide.mcu.externaltools.gnu-tools-for-stm32.7-2018-q2-update.win32_1.4.0.202007081208/tools/bin/../lib/gcc/arm-none-eabi/7.3.1/../../../../arm-none-eabi/lib/thumb/v7-m\libc_nano.a(lib_a-impure.o)
 .ARM.attributes
                0x0000000000000000       0x2d a:/ide/stm32cubeide/plugins/com.st.stm32cube.ide.mcu.externaltools.gnu-tools-for-stm32.7-2018-q2-update.win32_1.4.0.202007081208/tools/bin/../lib/gcc/arm-none-eabi/7.3.1/../../../../arm-none-eabi/lib/thumb/v7-m\libc_nano.a(lib_a-impure.o)
 .text          0x0000000000000000        0x0 a:/ide/stm32cubeide/plugins/com.st.stm32cube.ide.mcu.externaltools.gnu-tools-for-stm32.7-2018-q2-update.win32_1.4.0.202007081208/tools/bin/../lib/gcc/arm-none-eabi/7.3.1/../../../../arm-none-eabi/lib/thumb/v7-m\libc_nano.a(lib_a-init.o)
 .data          0x0000000000000000        0x0 a:/ide/stm32cubeide/plugins/com.st.stm32cube.ide.mcu.externaltools.gnu-tools-for-stm32.7-2018-q2-update.win32_1.4.0.202007081208/tools/bin/../lib/gcc/arm-none-eabi/7.3.1/../../../../arm-none-eabi/lib/thumb/v7-m\libc_nano.a(lib_a-init.o)
 .bss           0x0000000000000000        0x0 a:/ide/stm32cubeide/plugins/com.st.stm32cube.ide.mcu.externaltools.gnu-tools-for-stm32.7-2018-q2-update.win32_1.4.0.202007081208/tools/bin/../lib/gcc/arm-none-eabi/7.3.1/../../../../arm-none-eabi/lib/thumb/v7-m\libc_nano.a(lib_a-init.o)
 .text          0x0000000000000000        0x0 a:/ide/stm32cubeide/plugins/com.st.stm32cube.ide.mcu.externaltools.gnu-tools-for-stm32.7-2018-q2-update.win32_1.4.0.202007081208/tools/bin/../lib/gcc/arm-none-eabi/7.3.1/../../../../arm-none-eabi/lib/thumb/v7-m\libc_nano.a(lib_a-memset.o)
 .data          0x0000000000000000        0x0 a:/ide/stm32cubeide/plugins/com.st.stm32cube.ide.mcu.externaltools.gnu-tools-for-stm32.7-2018-q2-update.win32_1.4.0.202007081208/tools/bin/../lib/gcc/arm-none-eabi/7.3.1/../../../../arm-none-eabi/lib/thumb/v7-m\libc_nano.a(lib_a-memset.o)
 .bss           0x0000000000000000        0x0 a:/ide/stm32cubeide/plugins/com.st.stm32cube.ide.mcu.externaltools.gnu-tools-for-stm32.7-2018-q2-update.win32_1.4.0.202007081208/tools/bin/../lib/gcc/arm-none-eabi/7.3.1/../../../../arm-none-eabi/lib/thumb/v7-m\libc_nano.a(lib_a-memset.o)
 .text.memset   0x0000000000000000       0x10 a:/ide/stm32cubeide/plugins/com.st.stm32cube.ide.mcu.externaltools.gnu-tools-for-stm32.7-2018-q2-update.win32_1.4.0.202007081208/tools/bin/../lib/gcc/arm-none-eabi/7.3.1/../../../../arm-none-eabi/lib/thumb/v7-m\libc_nano.a(lib_a-memset.o)
 .debug_frame   0x0000000000000000       0x20 a:/ide/stm32cubeide/plugins/com.st.stm32cube.ide.mcu.externaltools.gnu-tools-for-stm32.7-2018-q2-update.win32_1.4.0.202007081208/tools/bin/../lib/gcc/arm-none-eabi/7.3.1/../../../../arm-none-eabi/lib/thumb/v7-m\libc_nano.a(lib_a-memset.o)
 .ARM.attributes
                0x0000000000000000       0x2d a:/ide/stm32cubeide/plugins/com.st.stm32cube.ide.mcu.externaltools.gnu-tools-for-stm32.7-2018-q2-update.win32_1.4.0.202007081208/tools/bin/../lib/gcc/arm-none-eabi/7.3.1/../../../../arm-none-eabi/lib/thumb/v7-m\libc_nano.a(lib_a-memset.o)
 .text          0x0000000000000000        0x0 a:/ide/stm32cubeide/plugins/com.st.stm32cube.ide.mcu.externaltools.gnu-tools-for-stm32.7-2018-q2-update.win32_1.4.0.202007081208/tools/bin/../lib/gcc/arm-none-eabi/7.3.1/thumb/v7-m/crtend.o
 .data          0x0000000000000000        0x0 a:/ide/stm32cubeide/plugins/com.st.stm32cube.ide.mcu.externaltools.gnu-tools-for-stm32.7-2018-q2-update.win32_1.4.0.202007081208/tools/bin/../lib/gcc/arm-none-eabi/7.3.1/thumb/v7-m/crtend.o
 .bss           0x0000000000000000        0x0 a:/ide/stm32cubeide/plugins/com.st.stm32cube.ide.mcu.externaltools.gnu-tools-for-stm32.7-2018-q2-update.win32_1.4.0.202007081208/tools/bin/../lib/gcc/arm-none-eabi/7.3.1/thumb/v7-m/crtend.o
 .eh_frame      0x0000000000000000        0x4 a:/ide/stm32cubeide/plugins/com.st.stm32cube.ide.mcu.externaltools.gnu-tools-for-stm32.7-2018-q2-update.win32_1.4.0.202007081208/tools/bin/../lib/gcc/arm-none-eabi/7.3.1/thumb/v7-m/crtend.o
 .ARM.attributes
                0x0000000000000000       0x2d a:/ide/stm32cubeide/plugins/com.st.stm32cube.ide.mcu.externaltools.gnu-tools-for-stm32.7-2018-q2-update.win32_1.4.0.202007081208/tools/bin/../lib/gcc/arm-none-eabi/7.3.1/thumb/v7-m/crtend.o
 .text          0x0000000000000000        0x0 a:/ide/stm32cubeide/plugins/com.st.stm32cube.ide.mcu.externaltools.gnu-tools-for-stm32.7-2018-q2-update.win32_1.4.0.202007081208/tools/bin/../lib/gcc/arm-none-eabi/7.3.1/thumb/v7-m/crtn.o
 .data          0x0000000000000000        0x0 a:/ide/stm32cubeide/plugins/com.st.stm32cube.ide.mcu.externaltools.gnu-tools-for-stm32.7-2018-q2-update.win32_1.4.0.202007081208/tools/bin/../lib/gcc/arm-none-eabi/7.3.1/thumb/v7-m/crtn.o
 .bss           0x0000000000000000        0x0 a:/ide/stm32cubeide/plugins/com.st.stm32cube.ide.mcu.externaltools.gnu-tools-for-stm32.7-2018-q2-update.win32_1.4.0.202007081208/tools/bin/../lib/gcc/arm-none-eabi/7.3.1/thumb/v7-m/crtn.o

Memory Configuration

Name             Origin             Length             Attributes
RAM              0x0000000020000000 0x0000000000002800 xrw
ROM              0x0000000008000000 0x0000000000008000 xr
*default*        0x0000000000000000 0xffffffffffffffff

Linker script and memory map

LOAD a:/ide/stm32cubeide/plugins/com.st.stm32cube.ide.mcu.externaltools.gnu-tools-for-stm32.7-2018-q2-update.win32_1.4.0.202007081208/tools/bin/../lib/gcc/arm-none-eabi/7.3.1/thumb/v7-m/crti.o
LOAD a:/ide/stm32cubeide/plugins/com.st.stm32cube.ide.mcu.externaltools.gnu-tools-for-stm32.7-2018-q2-update.win32_1.4.0.202007081208/tools/bin/../lib/gcc/arm-none-eabi/7.3.1/thumb/v7-m/crtbegin.o
LOAD a:/ide/stm32cubeide/plugins/com.st.stm32cube.ide.mcu.externaltools.gnu-tools-for-stm32.7-2018-q2-update.win32_1.4.0.202007081208/tools/bin/../lib/gcc/arm-none-eabi/7.3.1/../../../../arm-none-eabi/lib/thumb/v7-m/crt0.o
LOAD HAL/EEPROM_Slave.o
LOAD MCAL/Stm32f103c6_EXTI_Driver.o
LOAD MCAL/Stm32f103c6_GPIO_Driver.o
LOAD MCAL/Stm32f103c6_I2C_Driver.o
LOAD MCAL/Stm32f103c6_RCC_Driver.o
LOAD MCAL/Stm32f103c6_SPI_Driver.o
LOAD MCAL/Stm32f103c6_Uart_Driver.o
LOAD MyOwn_RTOS/CortexMx_OS_Porting.o
LOAD MyOwn_RTOS/MyRTOS_FIFO.o
LOAD MyOwn_RTOS/Scheduler.o
LOAD Src/main.o
LOAD Src/syscalls.o
LOAD Src/sysmem.o
LOAD Startup/startup_stm32f103c6tx.o
START GROUP
LOAD a:/ide/stm32cubeide/plugins/com.st.stm32cube.ide.mcu.externaltools.gnu-tools-for-stm32.7-2018-q2-update.win32_1.4.0.202007081208/tools/bin/../lib/gcc/arm-none-eabi/7.3.1/../../../../arm-none-eabi/lib/thumb/v7-m\libc_nano.a
LOAD a:/ide/stm32cubeide/plugins/com.st.stm32cube.ide.mcu.externaltools.gnu-tools-for-stm32.7-2018-q2-update.win32_1.4.0.202007081208/tools/bin/../lib/gcc/arm-none-eabi/7.3.1/../../../../arm-none-eabi/lib/thumb/v7-m\libm.a
END GROUP
START GROUP
LOAD a:/ide/stm32cubeide/plugins/com.st.stm32cube.ide.mcu.externaltools.gnu-tools-for-stm32.7-2018-q2-update.win32_1.4.0.202007081208/tools/bin/../lib/gcc/arm-none-eabi/7.3.1/thumb/v7-m\libgcc.a
LOAD a:/ide/stm32cubeide/plugins/com.st.stm32cube.ide.mcu.externaltools.gnu-tools-for-stm32.7-2018-q2-update.win32_1.4.0.202007081208/tools/bin/../lib/gcc/arm-none-eabi/7.3.1/../../../../arm-none-eabi/lib/thumb/v7-m\libg_nano.a
LOAD a:/ide/stm32cubeide/plugins/com.st.stm32cube.ide.mcu.externaltools.gnu-tools-for-stm32.7-2018-q2-update.win32_1.4.0.202007081208/tools/bin/../lib/gcc/arm-none-eabi/7.3.1/../../../../arm-none-eabi/lib/thumb/v7-m\libc_nano.a
END GROUP
START GROUP
LOAD a:/ide/stm32cubeide/plugins/com.st.stm32cube.ide.mcu.externaltools.gnu-tools-for-stm32.7-2018-q2-update.win32_1.4.0.202007081208/tools/bin/../lib/gcc/arm-none-eabi/7.3.1/thumb/v7-m\libgcc.a
LOAD a:/ide/stm32cubeide/plugins/com.st.stm32cube.ide.mcu.externaltools.gnu-tools-for-stm32.7-2018-q2-update.win32_1.4.0.202007081208/tools/bin/../lib/gcc/arm-none-eabi/7.3.1/../../../../arm-none-eabi/lib/thumb/v7-m\libc_nano.a
LOAD a:/ide/stm32cubeide/plugins/com.st.stm32cube.ide.mcu.externaltools.gnu-tools-for-stm32.7-2018-q2-update.win32_1.4.0.202007081208/tools/bin/../lib/gcc/arm-none-eabi/7.3.1/../../../../arm-none-eabi/lib/thumb/v7-m\libnosys.a
END GROUP
START GROUP
LOAD a:/ide/stm32cubeide/plugins/com.st.stm32cube.ide.mcu.externaltools.gnu-tools-for-stm32.7-2018-q2-update.win32_1.4.0.202007081208/tools/bin/../lib/gcc/arm-none-eabi/7.3.1/thumb/v7-m\libgcc.a
LOAD a:/ide/stm32cubeide/plugins/com.st.stm32cube.ide.mcu.externaltools.gnu-tools-for-stm32.7-2018-q2-update.win32_1.4.0.202007081208/tools/bin/../lib/gcc/arm-none-eabi/7.3.1/../../../../arm-none-eabi/lib/thumb/v7-m\libc_nano.a
LOAD a:/ide/stm32cubeide/plugins/com.st.stm32cube.ide.mcu.externaltools.gnu-tools-for-stm32.7-2018-q2-update.win32_1.4.0.202007081208/tools/bin/../lib/gcc/arm-none-eabi/7.3.1/../../../../arm-none-eabi/lib/thumb/v7-m\libnosys.a
END GROUP
LOAD a:/ide/stm32cubeide/plugins/com.st.stm32cube.ide.mcu.externaltools.gnu-tools-for-stm32.7-2018-q2-update.win32_1.4.0.202007081208/tools/bin/../lib/gcc/arm-none-eabi/7.3.1/thumb/v7-m/crtend.o
LOAD a:/ide/stm32cubeide/plugins/com.st.stm32cube.ide.mcu.externaltools.gnu-tools-for-stm32.7-2018-q2-update.win32_1.4.0.202007081208/tools/bin/../lib/gcc/arm-none-eabi/7.3.1/thumb/v7-m/crtn.o
                0x0000000020002800                _estack = (ORIGIN (RAM) + LENGTH (RAM))
                0x0000000000000200                _Min_Heap_Size = 0x200
                0x0000000000000400                _Min_Stack_Size = 0x400

.isr_vector     0x0000000008000000      0x130
                0x0000000008000000                . = ALIGN (0x4)
 *(.isr_vector)
 .isr_vector    0x0000000008000000      0x130 Startup/startup_stm32f103c6tx.o
                0x0000000008000000                g_pfnVectors
                0x0000000008000130                . = ALIGN (0x4)

.text           0x0000000008000130     0x10cc
                0x0000000008000130                . = ALIGN (0x4)
 *(.text)
 .text          0x0000000008000130       0x40 a:/ide/stm32cubeide/plugins/com.st.stm32cube.ide.mcu.externaltools.gnu-tools-for-stm32.7-2018-q2-update.win32_1.4.0.202007081208/tools/bin/../lib/gcc/arm-none-eabi/7.3.1/thumb/v7-m/crtbegin.o
 *(.text*)
 .text.EXTI0_IRQHandler
                0x0000000008000170       0x24 MCAL/Stm32f103c6_EXTI_Driver.o
                0x0000000008000170                EXTI0_IRQHandler
 .text.EXTI1_IRQHandler
                0x0000000008000194       0x24 MCAL/Stm32f103c6_EXTI_Driver.o
                0x0000000008000194                EXTI1_IRQHandler
 .text.EXTI2_IRQHandler
                0x00000000080001b8       0x24 MCAL/Stm32f103c6_EXTI_Driver.o
                0x00000000080001b8                EXTI2_IRQHandler
 .text.EXTI3_IRQHandler
                0x00000000080001dc       0x24 MCAL/Stm32f103c6_EXTI_Driver.o
                0x00000000080001dc                EXTI3_IRQHandler
 .text.EXTI4_IRQHandler
                0x0000000008000200       0x24 MCAL/Stm32f103c6_EXTI_Driver.o
                0x0000000008000200                EXTI4_IRQHandler
 .text.EXTI9_5_IRQHandler
                0x0000000008000224       0xa8 MCAL/Stm32f103c6_EXTI_Driver.o
                0x0000000008000224                EXTI9_5_IRQHandler
 .text.EXTI15_10_IRQHandler
                0x00000000080002cc       0xc4 MCAL/Stm32f103c6_EXTI_Driver.o
                0x00000000080002cc                EXTI15_10_IRQHandler
 .text.SPI1_IRQHandler
                0x0000000008000390       0x48 MCAL/Stm32f103c6_SPI_Driver.o
                0x0000000008000390                SPI1_IRQHandler
 .text.SPI2_IRQHandler
                0x00000000080003d8       0x48 MCAL/Stm32f103c6_SPI_Driver.o
                0x00000000080003d8                SPI2_IRQHandler
 .text.USART1_IRQHandler
                0x0000000008000420       0x14 MCAL/Stm32f103c6_Uart_Driver.o
                0x0000000008000420                USART1_IRQHandler
 .text.USART2_IRQHandler
                0x0000000008000434       0x14 MCAL/Stm32f103c6_Uart_Driver.o
                0x0000000008000434                USART2_IRQHandler
 .text.USART3_IRQHandler
                0x0000000008000448       0x14 MCAL/Stm32f103c6_Uart_Driver.o
                0x0000000008000448                USART3_IRQHandler
 .text.__NVIC_SetPriority
                0x000000000800045c       0x54 MyOwn_RTOS/CortexMx_OS_Porting.o
 .text.SysTick_Config
                0x00000000080004b0       0x44 MyOwn_RTOS/CortexMx_OS_Porting.o
 .text.HardFault_Handler
                0x00000000080004f4        0x6 MyOwn_RTOS/CortexMx_OS_Porting.o
                0x00000000080004f4                HardFault_Handler
 .text.MemManage_Handler
                0x00000000080004fa        0x6 MyOwn_RTOS/CortexMx_OS_Porting.o
                0x00000000080004fa                MemManage_Handler
 .text.BusFault_Handler
                0x0000000008000500        0x6 MyOwn_RTOS/CortexMx_OS_Porting.o
                0x0000000008000500                BusFault_Handler
 .text.PendSV_Handler
                0x0000000008000506        0x6 MyOwn_RTOS/CortexMx_OS_Porting.o
                0x0000000008000506                PendSV_Handler
 .text.UsageFault_Handler
                0x000000000800050c        0x6 MyOwn_RTOS/CortexMx_OS_Porting.o
                0x000000000800050c                UsageFault_Handler
 .text.SVC_Handler
                0x0000000008000512       0x14 MyOwn_RTOS/CortexMx_OS_Porting.o
                0x0000000008000512                SVC_Handler
 *fill*         0x0000000008000526        0x2 
 .text.Trigger_PendSV
                0x0000000008000528       0x1c MyOwn_RTOS/CortexMx_OS_Porting.o
                0x0000000008000528                Trigger_PendSV
 .text.HW_Init  0x0000000008000544       0x12 MyOwn_RTOS/CortexMx_OS_Porting.o
                0x0000000008000544                HW_Init
 .text.Start_Ticker
                0x0000000008000556       0x10 MyOwn_RTOS/CortexMx_OS_Porting.o
                0x0000000008000556                Start_Ticker
 *fill*         0x0000000008000566        0x2 
 .text.SysTick_Handler
                0x0000000008000568       0x34 MyOwn_RTOS/CortexMx_OS_Porting.o
                0x0000000008000568                SysTick_Handler
 .text.FIFO_buf_init
                0x000000000800059c       0x44 MyOwn_RTOS/MyRTOS_FIFO.o
                0x000000000800059c                FIFO_buf_init
 .text.FIFO_buf_enqueue
                0x00000000080005e0       0x82 MyOwn_RTOS/MyRTOS_FIFO.o
                0x00000000080005e0                FIFO_buf_enqueue
 .text.FIFO_buf_dequeue
                0x0000000008000662       0x78 MyOwn_RTOS/MyRTOS_FIFO.o
                0x0000000008000662                FIFO_buf_dequeue
 .text.FIFO_Clean_Queue
                0x00000000080006da       0x2a MyOwn_RTOS/MyRTOS_FIFO.o
                0x00000000080006da                FIFO_Clean_Queue
 .text.OS_PendSV_Services
                0x0000000008000704      0x1c4 MyOwn_RTOS/Scheduler.o
                0x0000000008000704                OS_PendSV_Services
 .text.BubbleSort
                0x00000000080008c8       0x9c MyOwn_RTOS/Scheduler.o
                0x00000000080008c8                BubbleSort
 .text.Decide_WhatNext
                0x0000000008000964       0xa4 MyOwn_RTOS/Scheduler.o
                0x0000000008000964                Decide_WhatNext
 .text.MyRTOS_Update_SchedulerTable
                0x0000000008000a08       0xc0 MyOwn_RTOS/Scheduler.o
                0x0000000008000a08                MyRTOS_Update_SchedulerTable
 .text.OS_SVC_Set
                0x0000000008000ac8       0x30 MyOwn_RTOS/Scheduler.o
                0x0000000008000ac8                OS_SVC_Set
 .text.OS_SVC_Services
                0x0000000008000af8       0x60 MyOwn_RTOS/Scheduler.o
                0x0000000008000af8                OS_SVC_Services
 .text.MyRTOS_Create_MainStack
                0x0000000008000b58       0x34 MyOwn_RTOS/Scheduler.o
                0x0000000008000b58                MyRTOS_Create_MainStack
 .text.MyRTOS_CreateTaskStack
                0x0000000008000b8c       0x7e MyOwn_RTOS/Scheduler.o
                0x0000000008000b8c                MyRTOS_CreateTaskStack
 *fill*         0x0000000008000c0a        0x2 
 .text.MyRTOS_IdleTask_IMPLT
                0x0000000008000c0c       0x18 MyOwn_RTOS/Scheduler.o
                0x0000000008000c0c                MyRTOS_IdleTask_IMPLT
 .text.Update_TaskWaitingTime
                0x0000000008000c24       0x8c MyOwn_RTOS/Scheduler.o
                0x0000000008000c24                Update_TaskWaitingTime
 .text.MY_RTOS_Init
                0x0000000008000cb0       0x74 MyOwn_RTOS/Scheduler.o
                0x0000000008000cb0                MY_RTOS_Init
 .text.MyRTOS_StartOS
                0x0000000008000d24       0x68 MyOwn_RTOS/Scheduler.o
                0x0000000008000d24                MyRTOS_StartOS
 .text.MyRTOS_CreateTask
                0x0000000008000d8c       0x80 MyOwn_RTOS/Scheduler.o
                0x0000000008000d8c                MyRTOS_CreateTask
 .text.MyRTOS_TaskWaitingTime
                0x0000000008000e0c       0x2e MyOwn_RTOS/Scheduler.o
                0x0000000008000e0c                MyRTOS_TaskWaitingTime
 .text.MyRTOS_ActivateTask
                0x0000000008000e3a       0x28 MyOwn_RTOS/Scheduler.o
                0x0000000008000e3a                MyRTOS_ActivateTask
 .text.MyRTOS_AcquireMutex
                0x0000000008000e62       0x46 MyOwn_RTOS/Scheduler.o
                0x0000000008000e62                MyRTOS_AcquireMutex
 .text.Task1_IMPLT
                0x0000000008000ea8       0x60 Src/main.o
                0x0000000008000ea8                Task1_IMPLT
 .text.Task2_IMPLT
                0x0000000008000f08       0x40 Src/main.o
                0x0000000008000f08                Task2_IMPLT
 .text.Task3_IMPLT
                0x0000000008000f48       0x34 Src/main.o
                0x0000000008000f48                Task3_IMPLT
 .text.Task4_IMPLT
                0x0000000008000f7c       0x40 Src/main.o
                0x0000000008000f7c                Task4_IMPLT
 .text.main     0x0000000008000fbc      0x18c Src/main.o
                0x0000000008000fbc                main
 .text.Reset_Handler
                0x0000000008001148       0x50 Startup/startup_stm32f103c6tx.o
                0x0000000008001148                Reset_Handler
 .text.Default_Handler
                0x0000000008001198        0x2 Startup/startup_stm32f103c6tx.o
                0x0000000008001198                TIM8_TRG_COM_IRQHandler
                0x0000000008001198                TIM8_CC_IRQHandler
                0x0000000008001198                DebugMon_Handler
                0x0000000008001198                TIM1_CC_IRQHandler
                0x0000000008001198                TIM6_IRQHandler
                0x0000000008001198                PVD_IRQHandler
                0x0000000008001198                SDIO_IRQHandler
                0x0000000008001198                NMI_Handler
                0x0000000008001198                USB_HP_CAN_TX_IRQHandler
                0x0000000008001198                I2C2_EV_IRQHandler
                0x0000000008001198                ADC1_2_IRQHandler
                0x0000000008001198                CAN_SCE_IRQHandler
                0x0000000008001198                TAMPER_IRQHandler
                0x0000000008001198                TIM8_UP_IRQHandler
                0x0000000008001198                DMA2_Channel2_IRQHandler
                0x0000000008001198                DMA1_Channel4_IRQHandler
                0x0000000008001198                RTC_IRQHandler
                0x0000000008001198                DMA1_Channel7_IRQHandler
                0x0000000008001198                UART5_IRQHandler
                0x0000000008001198                ADC3_IRQHandler
                0x0000000008001198                TIM4_IRQHandler
                0x0000000008001198                CAN_RX1_IRQHandler
                0x0000000008001198                DMA2_Channel1_IRQHandler
                0x0000000008001198                I2C1_EV_IRQHandler
                0x0000000008001198                DMA1_Channel6_IRQHandler
                0x0000000008001198                UART4_IRQHandler
                0x0000000008001198                TIM3_IRQHandler
                0x0000000008001198                RCC_IRQHandler
                0x0000000008001198                TIM1_TRG_COM_IRQHandler
                0x0000000008001198                DMA1_Channel1_IRQHandler
                0x0000000008001198                Default_Handler
                0x0000000008001198                TIM7_IRQHandler
                0x0000000008001198                TIM5_IRQHandler
                0x0000000008001198                USB_LP_CAN_RX0_IRQHandler
                0x0000000008001198                DMA1_Channel5_IRQHandler
                0x0000000008001198                DMA1_Channel3_IRQHandler
                0x0000000008001198                FSMC_IRQHandler
                0x0000000008001198                TIM1_UP_IRQHandler
                0x0000000008001198                WWDG_IRQHandler
                0x0000000008001198                TIM2_IRQHandler
                0x0000000008001198                TIM1_BRK_IRQHandler
                0x0000000008001198                RTCAlarm_IRQHandler
                0x0000000008001198                DMA2_Channel4_5_IRQHandler
                0x0000000008001198                I2C2_ER_IRQHandler
                0x0000000008001198                DMA1_Channel2_IRQHandler
                0x0000000008001198                TIM8_BRK_IRQHandler
                0x0000000008001198                FLASH_IRQHandler
                0x0000000008001198                SPI3_IRQHandler
                0x0000000008001198                I2C1_ER_IRQHandler
                0x0000000008001198                DMA2_Channel3_IRQHandler
 *fill*         0x000000000800119a        0x2 
 .text.__libc_init_array
                0x000000000800119c       0x48 a:/ide/stm32cubeide/plugins/com.st.stm32cube.ide.mcu.externaltools.gnu-tools-for-stm32.7-2018-q2-update.win32_1.4.0.202007081208/tools/bin/../lib/gcc/arm-none-eabi/7.3.1/../../../../arm-none-eabi/lib/thumb/v7-m\libc_nano.a(lib_a-init.o)
                0x000000000800119c                __libc_init_array
 *(.glue_7)
 .glue_7        0x00000000080011e4        0x0 linker stubs
 *(.glue_7t)
 .glue_7t       0x00000000080011e4        0x0 linker stubs
 *(.eh_frame)
 .eh_frame      0x00000000080011e4        0x0 a:/ide/stm32cubeide/plugins/com.st.stm32cube.ide.mcu.externaltools.gnu-tools-for-stm32.7-2018-q2-update.win32_1.4.0.202007081208/tools/bin/../lib/gcc/arm-none-eabi/7.3.1/thumb/v7-m/crtbegin.o
 *(.init)
 .init          0x00000000080011e4        0x4 a:/ide/stm32cubeide/plugins/com.st.stm32cube.ide.mcu.externaltools.gnu-tools-for-stm32.7-2018-q2-update.win32_1.4.0.202007081208/tools/bin/../lib/gcc/arm-none-eabi/7.3.1/thumb/v7-m/crti.o
                0x00000000080011e4                _init
 .init          0x00000000080011e8        0x8 a:/ide/stm32cubeide/plugins/com.st.stm32cube.ide.mcu.externaltools.gnu-tools-for-stm32.7-2018-q2-update.win32_1.4.0.202007081208/tools/bin/../lib/gcc/arm-none-eabi/7.3.1/thumb/v7-m/crtn.o
 *(.fini)
 .fini          0x00000000080011f0        0x4 a:/ide/stm32cubeide/plugins/com.st.stm32cube.ide.mcu.externaltools.gnu-tools-for-stm32.7-2018-q2-update.win32_1.4.0.202007081208/tools/bin/../lib/gcc/arm-none-eabi/7.3.1/thumb/v7-m/crti.o
                0x00000000080011f0                _fini
 .fini          0x00000000080011f4        0x8 a:/ide/stm32cubeide/plugins/com.st.stm32cube.ide.mcu.externaltools.gnu-tools-for-stm32.7-2018-q2-update.win32_1.4.0.202007081208/tools/bin/../lib/gcc/arm-none-eabi/7.3.1/thumb/v7-m/crtn.o
                0x00000000080011fc                . = ALIGN (0x4)
                0x00000000080011fc                _etext = .

.vfp11_veneer   0x00000000080011fc        0x0
 .vfp11_veneer  0x00000000080011fc        0x0 linker stubs

.v4_bx          0x00000000080011fc        0x0
 .v4_bx         0x00000000080011fc        0x0 linker stubs

.iplt           0x00000000080011fc        0x0
 .iplt          0x00000000080011fc        0x0 a:/ide/stm32cubeide/plugins/com.st.stm32cube.ide.mcu.externaltools.gnu-tools-for-stm32.7-2018-q2-update.win32_1.4.0.202007081208/tools/bin/../lib/gcc/arm-none-eabi/7.3.1/thumb/v7-m/crtbegin.o

.rodata         0x00000000080011fc       0x3c
                0x00000000080011fc                . = ALIGN (0x4)
 *(.rodata)
 .rodata        0x00000000080011fc        0x9 MyOwn_RTOS/Scheduler.o
 *fill*         0x0000000008001205        0x3 
 .rodata        0x0000000008001208       0x2e Src/main.o
 *(.rodata*)
                0x0000000008001238                . = ALIGN (0x4)
 *fill*         0x0000000008001236        0x2 

.rel.dyn        0x0000000008001238        0x0
 .rel.iplt      0x0000000008001238        0x0 a:/ide/stm32cubeide/plugins/com.st.stm32cube.ide.mcu.externaltools.gnu-tools-for-stm32.7-2018-q2-update.win32_1.4.0.202007081208/tools/bin/../lib/gcc/arm-none-eabi/7.3.1/thumb/v7-m/crtbegin.o

.ARM.extab      0x0000000008001238        0x0
                0x0000000008001238                . = ALIGN (0x4)
 *(.ARM.extab* .gnu.linkonce.armextab.*)
                0x0000000008001238                . = ALIGN (0x4)

.ARM            0x0000000008001238        0x0
                0x0000000008001238                . = ALIGN (0x4)
                0x0000000008001238                __exidx_start = .
 *(.ARM.exidx*)
                0x0000000008001238                __exidx_end = .
                0x0000000008001238                . = ALIGN (0x4)

.preinit_array  0x0000000008001238        0x0
                0x0000000008001238                . = ALIGN (0x4)
                0x0000000008001238                PROVIDE (__preinit_array_start = .)
 *(.preinit_array*)
                0x0000000008001238                PROVIDE (__preinit_array_end = .)
                0x0000000008001238                . = ALIGN (0x4)

.init_array     0x0000000008001238        0x4
                0x0000000008001238                . = ALIGN (0x4)
                0x0000000008001238                PROVIDE (__init_array_start = .)
 *(SORT_BY_NAME(.init_array.*))
 *(.init_array*)
 .init_array    0x0000000008001238        0x4 a:/ide/stm32cubeide/plugins/com.st.stm32cube.ide.mcu.externaltools.gnu-tools-for-stm32.7-2018-q2-update.win32_1.4.0.202007081208/tools/bin/../lib/gcc/arm-none-eabi/7.3.1/thumb/v7-m/crtbegin.o
                0x000000000800123c                PROVIDE (__init_array_end = .)
                0x000000000800123c                . = ALIGN (0x4)

.fini_array     0x000000000800123c        0x4
                0x000000000800123c                . = ALIGN (0x4)
                [!provide]                        PROVIDE (__fini_array_start = .)
 *(SORT_BY_NAME(.fini_array.*))
 *(.fini_array*)
 .fini_array    0x000000000800123c        0x4 a:/ide/stm32cubeide/plugins/com.st.stm32cube.ide.mcu.externaltools.gnu-tools-for-stm32.7-2018-q2-update.win32_1.4.0.202007081208/tools/bin/../lib/gcc/arm-none-eabi/7.3.1/thumb/v7-m/crtbegin.o
                [!provide]                        PROVIDE (__fini_array_end = .)
                0x0000000008001240                . = ALIGN (0x4)
                0x0000000008001240                _sidata = LOADADDR (.data)

.data           0x0000000020000000       0x1c load address 0x0000000008001240
                0x0000000020000000                . = ALIGN (0x4)
                0x0000000020000000                _sdata = .
 *(.data)
 *(.data*)
 .data.IdleTask_LED
                0x0000000020000000        0x4 MyOwn_RTOS/Scheduler.o
                0x0000000020000000                IdleTask_LED
 .data.Payload  0x0000000020000004        0x3 Src/main.o
                0x0000000020000004                Payload
 *fill*         0x0000000020000007        0x1 
 .data.Task1_LED
                0x0000000020000008        0x4 Src/main.o
                0x0000000020000008                Task1_LED
 .data.Task2_LED
                0x000000002000000c        0x4 Src/main.o
                0x000000002000000c                Task2_LED
 .data.Task3_LED
                0x0000000020000010        0x4 Src/main.o
                0x0000000020000010                Task3_LED
 .data.Task4_LED
                0x0000000020000014        0x4 Src/main.o
                0x0000000020000014                Task4_LED
 .data.SysTick_LED
                0x0000000020000018        0x4 Src/main.o
                0x0000000020000018                SysTick_LED
                0x000000002000001c                . = ALIGN (0x4)
                0x000000002000001c                _edata = .

.igot.plt       0x000000002000001c        0x0 load address 0x000000000800125c
 .igot.plt      0x000000002000001c        0x0 a:/ide/stm32cubeide/plugins/com.st.stm32cube.ide.mcu.externaltools.gnu-tools-for-stm32.7-2018-q2-update.win32_1.4.0.202007081208/tools/bin/../lib/gcc/arm-none-eabi/7.3.1/thumb/v7-m/crtbegin.o
                0x000000002000001c                . = ALIGN (0x4)

.bss            0x000000002000001c      0x2f0 load address 0x000000000800125c
                0x000000002000001c                _sbss = .
                0x000000002000001c                __bss_start__ = _sbss
 *(.bss)
 .bss           0x000000002000001c       0x1c a:/ide/stm32cubeide/plugins/com.st.stm32cube.ide.mcu.externaltools.gnu-tools-for-stm32.7-2018-q2-update.win32_1.4.0.202007081208/tools/bin/../lib/gcc/arm-none-eabi/7.3.1/thumb/v7-m/crtbegin.o
 *(.bss*)
 .bss.G_UART_CFG
                0x0000000020000038        0x4 MCAL/Stm32f103c6_Uart_Driver.o
                0x0000000020000038                G_UART_CFG
 *(COMMON)
 COMMON         0x000000002000003c       0x3c MCAL/Stm32f103c6_EXTI_Driver.o
                0x000000002000003c                GP_IRQ_CallBack
 COMMON         0x0000000020000078        0x8 MCAL/Stm32f103c6_SPI_Driver.o
                0x0000000020000078                G_SPI_CFG
 COMMON         0x0000000020000080      0x114 MyOwn_RTOS/Scheduler.o
                0x0000000020000080                MyRTOS_IdleTask
                0x00000000200000c4                OS_Control
                0x0000000020000158                Ready_QUEUE
                0x000000002000016c                Tasks_Buffer
 COMMON         0x0000000020000194      0x178 Src/main.o
                0x0000000020000194                Mutex1
                0x00000000200001c4                Task4
                0x0000000020000208                Task1
                0x000000002000024c                Count
                0x0000000020000250                Task3
                0x0000000020000294                Mutex2
                0x00000000200002c4                TaskCounter
                0x00000000200002c8                Task2
                0x000000002000030c                . = ALIGN (0x4)
                0x000000002000030c                _ebss = .
                0x000000002000030c                __bss_end__ = _ebss

._user_heap_stack
                0x000000002000030c        0x4 load address 0x000000000800125c
                0x0000000020000310                . = ALIGN (0x8)
 *fill*         0x000000002000030c        0x4 
                [!provide]                        PROVIDE (end = .)
                0x0000000020000310                PROVIDE (_end = .)
                0x0000000020000310                . = ALIGN (0x8)
                0x0000000020000310                _E_Heap = .

/DISCARD/
 libc.a(*)
 libm.a(*)
 libgcc.a(*)

.ARM.attributes
                0x0000000000000000       0x29
 *(.ARM.attributes)
 .ARM.attributes
                0x0000000000000000       0x1d a:/ide/stm32cubeide/plugins/com.st.stm32cube.ide.mcu.externaltools.gnu-tools-for-stm32.7-2018-q2-update.win32_1.4.0.202007081208/tools/bin/../lib/gcc/arm-none-eabi/7.3.1/thumb/v7-m/crti.o
 .ARM.attributes
                0x000000000000001d       0x2d a:/ide/stm32cubeide/plugins/com.st.stm32cube.ide.mcu.externaltools.gnu-tools-for-stm32.7-2018-q2-update.win32_1.4.0.202007081208/tools/bin/../lib/gcc/arm-none-eabi/7.3.1/thumb/v7-m/crtbegin.o
 .ARM.attributes
                0x000000000000004a       0x33 MCAL/Stm32f103c6_EXTI_Driver.o
 .ARM.attributes
                0x000000000000007d       0x33 MCAL/Stm32f103c6_SPI_Driver.o
 .ARM.attributes
                0x00000000000000b0       0x33 MCAL/Stm32f103c6_Uart_Driver.o
 .ARM.attributes
                0x00000000000000e3       0x33 MyOwn_RTOS/CortexMx_OS_Porting.o
 .ARM.attributes
                0x0000000000000116       0x33 MyOwn_RTOS/MyRTOS_FIFO.o
 .ARM.attributes
                0x0000000000000149       0x33 MyOwn_RTOS/Scheduler.o
 .ARM.attributes
                0x000000000000017c       0x33 Src/main.o
 .ARM.attributes
                0x00000000000001af       0x21 Startup/startup_stm32f103c6tx.o
 .ARM.attributes
                0x00000000000001d0       0x2d a:/ide/stm32cubeide/plugins/com.st.stm32cube.ide.mcu.externaltools.gnu-tools-for-stm32.7-2018-q2-update.win32_1.4.0.202007081208/tools/bin/../lib/gcc/arm-none-eabi/7.3.1/../../../../arm-none-eabi/lib/thumb/v7-m\libc_nano.a(lib_a-init.o)
 .ARM.attributes
                0x00000000000001fd       0x1d a:/ide/stm32cubeide/plugins/com.st.stm32cube.ide.mcu.externaltools.gnu-tools-for-stm32.7-2018-q2-update.win32_1.4.0.202007081208/tools/bin/../lib/gcc/arm-none-eabi/7.3.1/thumb/v7-m/crtn.o
OUTPUT(Mina_OS.axf elf32-littlearm)

.debug_info     0x0000000000000000     0x4014
 .debug_info    0x0000000000000000      0x4b9 MCAL/Stm32f103c6_EXTI_Driver.o
 .debug_info    0x00000000000004b9      0x5d3 MCAL/Stm32f103c6_SPI_Driver.o
 .debug_info    0x0000000000000a8c      0x4c6 MCAL/Stm32f103c6_Uart_Driver.o
 .debug_info    0x0000000000000f52      0x636 MyOwn_RTOS/CortexMx_OS_Porting.o
 .debug_info    0x0000000000001588      0xca4 MyOwn_RTOS/MyRTOS_FIFO.o
 .debug_info    0x000000000000222c     0x109a MyOwn_RTOS/Scheduler.o
 .debug_info    0x00000000000032c6      0xd2c Src/main.o
 .debug_info    0x0000000000003ff2       0x22 Startup/startup_stm32f103c6tx.o

.debug_abbrev   0x0000000000000000      0xcc1
 .debug_abbrev  0x0000000000000000      0x153 MCAL/Stm32f103c6_EXTI_Driver.o
 .debug_abbrev  0x0000000000000153      0x1c8 MCAL/Stm32f103c6_SPI_Driver.o
 .debug_abbrev  0x000000000000031b      0x163 MCAL/Stm32f103c6_Uart_Driver.o
 .debug_abbrev  0x000000000000047e      0x183 MyOwn_RTOS/CortexMx_OS_Porting.o
 .debug_abbrev  0x0000000000000601      0x1c4 MyOwn_RTOS/MyRTOS_FIFO.o
 .debug_abbrev  0x00000000000007c5      0x328 MyOwn_RTOS/Scheduler.o
 .debug_abbrev  0x0000000000000aed      0x1c2 Src/main.o
 .debug_abbrev  0x0000000000000caf       0x12 Startup/startup_stm32f103c6tx.o

.debug_loc      0x0000000000000000     0x11e8
 .debug_loc     0x0000000000000000      0x320 MCAL/Stm32f103c6_EXTI_Driver.o
 .debug_loc     0x0000000000000320      0x2bc MCAL/Stm32f103c6_SPI_Driver.o
 .debug_loc     0x00000000000005dc      0x238 MCAL/Stm32f103c6_Uart_Driver.o
 .debug_loc     0x0000000000000814      0x224 MyOwn_RTOS/CortexMx_OS_Porting.o
 .debug_loc     0x0000000000000a38      0x1cc MyOwn_RTOS/MyRTOS_FIFO.o
 .debug_loc     0x0000000000000c04      0x4fc MyOwn_RTOS/Scheduler.o
 .debug_loc     0x0000000000001100       0xe8 Src/main.o

.debug_aranges  0x0000000000000000      0x2f8
 .debug_aranges
                0x0000000000000000       0x80 MCAL/Stm32f103c6_EXTI_Driver.o
 .debug_aranges
                0x0000000000000080       0x58 MCAL/Stm32f103c6_SPI_Driver.o
 .debug_aranges
                0x00000000000000d8       0x58 MCAL/Stm32f103c6_Uart_Driver.o
 .debug_aranges
                0x0000000000000130       0x78 MyOwn_RTOS/CortexMx_OS_Porting.o
 .debug_aranges
                0x00000000000001a8       0x40 MyOwn_RTOS/MyRTOS_FIFO.o
 .debug_aranges
                0x00000000000001e8       0xa8 MyOwn_RTOS/Scheduler.o
 .debug_aranges
                0x0000000000000290       0x40 Src/main.o
 .debug_aranges
                0x00000000000002d0       0x28 Startup/startup_stm32f103c6tx.o

.debug_ranges   0x0000000000000000      0x280
 .debug_ranges  0x0000000000000000       0x70 MCAL/Stm32f103c6_EXTI_Driver.o
 .debug_ranges  0x0000000000000070       0x48 MCAL/Stm32f103c6_SPI_Driver.o
 .debug_ranges  0x00000000000000b8       0x48 MCAL/Stm32f103c6_Uart_Driver.o
 .debug_ranges  0x0000000000000100       0x68 MyOwn_RTOS/CortexMx_OS_Porting.o
 .debug_ranges  0x0000000000000168       0x30 MyOwn_RTOS/MyRTOS_FIFO.o
 .debug_ranges  0x0000000000000198       0x98 MyOwn_RTOS/Scheduler.o
 .debug_ranges  0x0000000000000230       0x30 Src/main.o
 .debug_ranges  0x0000000000000260       0x20 Startup/startup_stm32f103c6tx.o

.debug_macro    0x0000000000000000     0x250e
 .debug_macro   0x0000000000000000       0x96 MCAL/Stm32f103c6_EXTI_Driver.o
 .debug_macro   0x0000000000000096       0xc4 MCAL/Stm32f103c6_EXTI_Driver.o
 .debug_macro   0x000000000000015a      0x21a MCAL/Stm32f103c6_EXTI_Driver.o
 .debug_macro   0x0000000000000374       0x9c MCAL/Stm32f103c6_SPI_Driver.o
 .debug_macro   0x0000000000000410       0xc4 MCAL/Stm32f103c6_SPI_Driver.o
 .debug_macro   0x00000000000004d4       0x99 MCAL/Stm32f103c6_Uart_Driver.o
 .debug_macro   0x000000000000056d       0xd0 MCAL/Stm32f103c6_Uart_Driver.o
 .debug_macro   0x000000000000063d       0xc6 MyOwn_RTOS/CortexMx_OS_Porting.o
 .debug_macro   0x0000000000000703       0x28 MyOwn_RTOS/CortexMx_OS_Porting.o
 .debug_macro   0x000000000000072b       0x1c MyOwn_RTOS/CortexMx_OS_Porting.o
 .debug_macro   0x0000000000000747       0x22 MyOwn_RTOS/CortexMx_OS_Porting.o
 .debug_macro   0x0000000000000769       0xe5 MyOwn_RTOS/CortexMx_OS_Porting.o
 .debug_macro   0x000000000000084e      0xe2d MyOwn_RTOS/CortexMx_OS_Porting.o
 .debug_macro   0x000000000000167b      0x11f MyOwn_RTOS/CortexMx_OS_Porting.o
 .debug_macro   0x000000000000179a       0x46 MyOwn_RTOS/CortexMx_OS_Porting.o
 .debug_macro   0x00000000000017e0      0x1a6 MyOwn_RTOS/MyRTOS_FIFO.o
 .debug_macro   0x0000000000001986       0x46 MyOwn_RTOS/MyRTOS_FIFO.o
 .debug_macro   0x00000000000019cc       0x18 MyOwn_RTOS/MyRTOS_FIFO.o
 .debug_macro   0x00000000000019e4       0x3c MyOwn_RTOS/MyRTOS_FIFO.o
 .debug_macro   0x0000000000001a20       0x34 MyOwn_RTOS/MyRTOS_FIFO.o
 .debug_macro   0x0000000000001a54      0x174 MyOwn_RTOS/MyRTOS_FIFO.o
 .debug_macro   0x0000000000001bc8       0x52 MyOwn_RTOS/MyRTOS_FIFO.o
 .debug_macro   0x0000000000001c1a       0x1f MyOwn_RTOS/MyRTOS_FIFO.o
 .debug_macro   0x0000000000001c39       0x43 MyOwn_RTOS/MyRTOS_FIFO.o
 .debug_macro   0x0000000000001c7c       0x20 MyOwn_RTOS/MyRTOS_FIFO.o
 .debug_macro   0x0000000000001c9c      0x1a3 MyOwn_RTOS/MyRTOS_FIFO.o
 .debug_macro   0x0000000000001e3f      0x32a MyOwn_RTOS/MyRTOS_FIFO.o
 .debug_macro   0x0000000000002169       0x10 MyOwn_RTOS/MyRTOS_FIFO.o
 .debug_macro   0x0000000000002179       0x35 MyOwn_RTOS/MyRTOS_FIFO.o
 .debug_macro   0x00000000000021ae       0x20 MyOwn_RTOS/MyRTOS_FIFO.o
 .debug_macro   0x00000000000021ce      0x1aa MyOwn_RTOS/Scheduler.o
 .debug_macro   0x0000000000002378      0x196 Src/main.o

.debug_line     0x0000000000000000     0x298a
 .debug_line    0x0000000000000000      0x584 MCAL/Stm32f103c6_EXTI_Driver.o
 .debug_line    0x0000000000000584      0x4f7 MCAL/Stm32f103c6_SPI_Driver.o
 .debug_line    0x0000000000000a7b      0x51a MCAL/Stm32f103c6_Uart_Driver.o
 .debug_line    0x0000000000000f95      0x540 MyOwn_RTOS/CortexMx_OS_Porting.o
 .debug_line    0x00000000000014d5      0x625 MyOwn_RTOS/MyRTOS_FIFO.o
 .debug_line    0x0000000000001afa      0x7ee MyOwn_RTOS/Scheduler.o
 .debug_line    0x00000000000022e8      0x61e Src/main.o
 .debug_line    0x0000000000002906       0x84 Startup/startup_stm32f103c6tx.o

.debug_str      0x0000000000000000    0x1122f
 .debug_str     0x0000000000000000     0x62ca MCAL/Stm32f103c6_EXTI_Driver.o
                                       0x6453 (size before relaxing)
 .debug_str     0x00000000000062ca      0x727 MCAL/Stm32f103c6_SPI_Driver.o
                                       0x5696 (size before relaxing)
 .debug_str     0x00000000000069f1      0x6e5 MCAL/Stm32f103c6_Uart_Driver.o
                                       0x56ac (size before relaxing)
 .debug_str     0x00000000000070d6     0x69b0 MyOwn_RTOS/CortexMx_OS_Porting.o
                                       0xa5ce (size before relaxing)
 .debug_str     0x000000000000da86     0x33a5 MyOwn_RTOS/MyRTOS_FIFO.o
                                       0xd750 (size before relaxing)
 .debug_str     0x0000000000010e2b      0x32e MyOwn_RTOS/Scheduler.o
                                       0xda0c (size before relaxing)
 .debug_str     0x0000000000011159       0xa5 Src/main.o
                                       0xd7b2 (size before relaxing)
 .debug_str     0x00000000000111fe       0x31 Startup/startup_stm32f103c6tx.o
                                         0x68 (size before relaxing)

.comment        0x0000000000000000       0x7b
 .comment       0x0000000000000000       0x7b MCAL/Stm32f103c6_EXTI_Driver.o
                                         0x7c (size before relaxing)
 .comment       0x000000000000007b       0x7c MCAL/Stm32f103c6_SPI_Driver.o
 .comment       0x000000000000007b       0x7c MCAL/Stm32f103c6_Uart_Driver.o
 .comment       0x000000000000007b       0x7c MyOwn_RTOS/CortexMx_OS_Porting.o
 .comment       0x000000000000007b       0x7c MyOwn_RTOS/MyRTOS_FIFO.o
 .comment       0x000000000000007b       0x7c MyOwn_RTOS/Scheduler.o
 .comment       0x000000000000007b       0x7c Src/main.o

.debug_frame    0x0000000000000000      0x97c
 .debug_frame   0x0000000000000000      0x1b0 MCAL/Stm32f103c6_EXTI_Driver.o
 .debug_frame   0x00000000000001b0      0x144 MCAL/Stm32f103c6_SPI_Driver.o
 .debug_frame   0x00000000000002f4      0x124 MCAL/Stm32f103c6_Uart_Driver.o
 .debug_frame   0x0000000000000418      0x150 MyOwn_RTOS/CortexMx_OS_Porting.o
 .debug_frame   0x0000000000000568       0xd8 MyOwn_RTOS/MyRTOS_FIFO.o
 .debug_frame   0x0000000000000640      0x270 MyOwn_RTOS/Scheduler.o
 .debug_frame   0x00000000000008b0       0xa0 Src/main.o
 .debug_frame   0x0000000000000950       0x2c a:/ide/stm32cubeide/plugins/com.st.stm32cube.ide.mcu.externaltools.gnu-tools-for-stm32.7-2018-q2-update.win32_1.4.0.202007081208/tools/bin/../lib/gcc/arm-none-eabi/7.3.1/../../../../arm-none-eabi/lib/thumb/v7-m\libc_nano.a(lib_a-init.o)
